Archive member included to satisfy reference by file (symbol)

/private/tmp/codex-arm-toolchain-pkg/Payload/bin/../lib/gcc/arm-none-eabi/15.2.1/thumb/v6-m/nofp/libgcc.a(_dvmd_tls.o)
                              CMakeFiles/codex_micro_wired_reva.dir/private/tmp/codex-pico-sdk/src/rp2_common/pico_divider/divider_hardware.S.o (__aeabi_idiv0)
/private/tmp/codex-arm-toolchain-pkg/Payload/bin/../lib/gcc/arm-none-eabi/15.2.1/../../../../arm-none-eabi/lib/thumb/v6-m/nofp/libg.a(libc_a-calloc.o)
                              CMakeFiles/codex_micro_wired_reva.dir/private/tmp/codex-pico-sdk/src/rp2_common/pico_malloc/malloc.c.o (calloc)
/private/tmp/codex-arm-toolchain-pkg/Payload/bin/../lib/gcc/arm-none-eabi/15.2.1/../../../../arm-none-eabi/lib/thumb/v6-m/nofp/libg.a(libc_a-callocr.o)
                              /private/tmp/codex-arm-toolchain-pkg/Payload/bin/../lib/gcc/arm-none-eabi/15.2.1/../../../../arm-none-eabi/lib/thumb/v6-m/nofp/libg.a(libc_a-calloc.o) (_calloc_r)
/private/tmp/codex-arm-toolchain-pkg/Payload/bin/../lib/gcc/arm-none-eabi/15.2.1/../../../../arm-none-eabi/lib/thumb/v6-m/nofp/libg.a(libc_a-malloc.o)
                              CMakeFiles/codex_micro_wired_reva.dir/private/tmp/codex-pico-sdk/src/rp2_common/pico_malloc/malloc.c.o (malloc)
/private/tmp/codex-arm-toolchain-pkg/Payload/bin/../lib/gcc/arm-none-eabi/15.2.1/../../../../arm-none-eabi/lib/thumb/v6-m/nofp/libg.a(libc_a-mallocr.o)
                              /private/tmp/codex-arm-toolchain-pkg/Payload/bin/../lib/gcc/arm-none-eabi/15.2.1/../../../../arm-none-eabi/lib/thumb/v6-m/nofp/libg.a(libc_a-callocr.o) (_malloc_r)
/private/tmp/codex-arm-toolchain-pkg/Payload/bin/../lib/gcc/arm-none-eabi/15.2.1/../../../../arm-none-eabi/lib/thumb/v6-m/nofp/libg.a(libc_a-mlock.o)
                              /private/tmp/codex-arm-toolchain-pkg/Payload/bin/../lib/gcc/arm-none-eabi/15.2.1/../../../../arm-none-eabi/lib/thumb/v6-m/nofp/libg.a(libc_a-mallocr.o) (__malloc_lock)
/private/tmp/codex-arm-toolchain-pkg/Payload/bin/../lib/gcc/arm-none-eabi/15.2.1/../../../../arm-none-eabi/lib/thumb/v6-m/nofp/libg.a(libc_a-realloc.o)
                              CMakeFiles/codex_micro_wired_reva.dir/private/tmp/codex-pico-sdk/src/rp2_common/pico_malloc/malloc.c.o (realloc)
/private/tmp/codex-arm-toolchain-pkg/Payload/bin/../lib/gcc/arm-none-eabi/15.2.1/../../../../arm-none-eabi/lib/thumb/v6-m/nofp/libg.a(libc_a-reallocr.o)
                              /private/tmp/codex-arm-toolchain-pkg/Payload/bin/../lib/gcc/arm-none-eabi/15.2.1/../../../../arm-none-eabi/lib/thumb/v6-m/nofp/libg.a(libc_a-realloc.o) (_realloc_r)
/private/tmp/codex-arm-toolchain-pkg/Payload/bin/../lib/gcc/arm-none-eabi/15.2.1/../../../../arm-none-eabi/lib/thumb/v6-m/nofp/libg.a(libc_a-memcmp.o)
                              CMakeFiles/codex_micro_wired_reva.dir/private/tmp/codex-pico-sdk/src/rp2_common/pico_atomic/atomic.c.o (memcmp)
/private/tmp/codex-arm-toolchain-pkg/Payload/bin/../lib/gcc/arm-none-eabi/15.2.1/../../../../arm-none-eabi/lib/thumb/v6-m/nofp/libg.a(libc_a-memmove.o)
                              /private/tmp/codex-arm-toolchain-pkg/Payload/bin/../lib/gcc/arm-none-eabi/15.2.1/../../../../arm-none-eabi/lib/thumb/v6-m/nofp/libg.a(libc_a-reallocr.o) (memmove)
/private/tmp/codex-arm-toolchain-pkg/Payload/bin/../lib/gcc/arm-none-eabi/15.2.1/../../../../arm-none-eabi/lib/thumb/v6-m/nofp/libg.a(libc_a-lcltime_r.o)
                              CMakeFiles/codex_micro_wired_reva.dir/private/tmp/codex-pico-sdk/src/common/pico_util/datetime.c.o (localtime_r)
/private/tmp/codex-arm-toolchain-pkg/Payload/bin/../lib/gcc/arm-none-eabi/15.2.1/../../../../arm-none-eabi/lib/thumb/v6-m/nofp/libg.a(libc_a-mktime.o)
                              CMakeFiles/codex_micro_wired_reva.dir/private/tmp/codex-pico-sdk/src/common/pico_util/datetime.c.o (mktime)
/private/tmp/codex-arm-toolchain-pkg/Payload/bin/../lib/gcc/arm-none-eabi/15.2.1/../../../../arm-none-eabi/lib/thumb/v6-m/nofp/libg.a(libc_a-month_lengths.o)
                              /private/tmp/codex-arm-toolchain-pkg/Payload/bin/../lib/gcc/arm-none-eabi/15.2.1/../../../../arm-none-eabi/lib/thumb/v6-m/nofp/libg.a(libc_a-lcltime_r.o) (__month_lengths)
/private/tmp/codex-arm-toolchain-pkg/Payload/bin/../lib/gcc/arm-none-eabi/15.2.1/../../../../arm-none-eabi/lib/thumb/v6-m/nofp/libg.a(libc_a-tzcalc_limits.o)
                              /private/tmp/codex-arm-toolchain-pkg/Payload/bin/../lib/gcc/arm-none-eabi/15.2.1/../../../../arm-none-eabi/lib/thumb/v6-m/nofp/libg.a(libc_a-lcltime_r.o) (__tzcalc_limits)
/private/tmp/codex-arm-toolchain-pkg/Payload/bin/../lib/gcc/arm-none-eabi/15.2.1/../../../../arm-none-eabi/lib/thumb/v6-m/nofp/libg.a(libc_a-tzlock.o)
                              /private/tmp/codex-arm-toolchain-pkg/Payload/bin/../lib/gcc/arm-none-eabi/15.2.1/../../../../arm-none-eabi/lib/thumb/v6-m/nofp/libg.a(libc_a-lcltime_r.o) (__tz_lock)
[...]
Memory Configuration

Name             Origin             Length             Attributes
FLASH            0x10000000         0x00200000         xr
XIP_RAM          0x15000000         0x00004000         xrw
RAM              0x20000000         0x00040000         xrw
SCRATCH_X        0x20040000         0x00001000         xrw
SCRATCH_Y        0x20041000         0x00001000         xrw
*default*        0x00000000         0xffffffff

Linker script and memory map

                0x20000000                        RAM_ORIGIN_DEFAULT = 0x20000000
                0x00040000                        RAM_LENGTH_DEFAULT = 0x40000
                0x20040000                        SCRATCH_X_ORIGIN_DEFAULT = 0x20040000
                0x00001000                        SCRATCH_X_LENGTH_DEFAULT = 0x1000
                0x20041000                        SCRATCH_Y_ORIGIN_DEFAULT = 0x20041000
                0x00001000                        SCRATCH_Y_LENGTH_DEFAULT = 0x1000
                0x15000000                        XIP_RAM_ORIGIN_DEFAULT = 0x15000000
                0x00004000                        XIP_RAM_LENGTH_DEFAULT = 0x4000
LOAD CMakeFiles/codex_micro_wired_reva.dir/main.c.o
LOAD CMakeFiles/codex_micro_wired_reva.dir/usb_descriptors.c.o
LOAD CMakeFiles/codex_micro_wired_reva.dir/private/tmp/codex-pico-sdk/src/rp2_common/pico_stdlib/stdlib.c.o
LOAD CMakeFiles/codex_micro_wired_reva.dir/private/tmp/codex-pico-sdk/src/rp2_common/hardware_gpio/gpio.c.o
LOAD CMakeFiles/codex_micro_wired_reva.dir/private/tmp/codex-pico-sdk/src/rp2040/pico_platform/platform.c.o
LOAD CMakeFiles/codex_micro_wired_reva.dir/private/tmp/codex-pico-sdk/src/rp2_common/pico_platform_common/common.c.o
LOAD CMakeFiles/codex_micro_wired_reva.dir/private/tmp/codex-pico-sdk/src/rp2_common/pico_platform_panic/panic.c.o
LOAD CMakeFiles/codex_micro_wired_reva.dir/private/tmp/codex-pico-sdk/src/rp2_common/pico_platform_panic/custom_panic_function.S.o
LOAD CMakeFiles/codex_micro_wired_reva.dir/private/tmp/codex-pico-sdk/src/common/hardware_claim/claim.c.o
LOAD CMakeFiles/codex_micro_wired_reva.dir/private/tmp/codex-pico-sdk/src/rp2_common/hardware_sync/sync.c.o
LOAD CMakeFiles/codex_micro_wired_reva.dir/private/tmp/codex-pico-sdk/src/rp2_common/hardware_sync_spin_lock/sync_spin_lock.c.o
LOAD CMakeFiles/codex_micro_wired_reva.dir/private/tmp/codex-pico-sdk/src/rp2_common/hardware_irq/irq.c.o
LOAD CMakeFiles/codex_micro_wired_reva.dir/private/tmp/codex-pico-sdk/src/rp2_common/hardware_irq/irq_handler_chain.S.o
LOAD CMakeFiles/codex_micro_wired_reva.dir/private/tmp/codex-pico-sdk/src/common/pico_sync/sem.c.o
LOAD CMakeFiles/codex_micro_wired_reva.dir/private/tmp/codex-pico-sdk/src/common/pico_sync/lock_core.c.o
LOAD CMakeFiles/codex_micro_wired_reva.dir/private/tmp/codex-pico-sdk/src/common/pico_sync/mutex.c.o
LOAD CMakeFiles/codex_micro_wired_reva.dir/private/tmp/codex-pico-sdk/src/common/pico_sync/critical_section.c.o
LOAD CMakeFiles/codex_micro_wired_reva.dir/private/tmp/codex-pico-sdk/src/common/pico_time/time.c.o
LOAD CMakeFiles/codex_micro_wired_reva.dir/private/tmp/codex-pico-sdk/src/common/pico_time/timeout_helper.c.o
LOAD CMakeFiles/codex_micro_wired_reva.dir/private/tmp/codex-pico-sdk/src/rp2_common/hardware_timer/timer.c.o
LOAD CMakeFiles/codex_micro_wired_reva.dir/private/tmp/codex-pico-sdk/src/common/pico_util/datetime.c.o
LOAD CMakeFiles/codex_micro_wired_reva.dir/private/tmp/codex-pico-sdk/src/common/pico_util/fixed_bitset.c.o
LOAD CMakeFiles/codex_micro_wired_reva.dir/private/tmp/codex-pico-sdk/src/common/pico_util/pheap.c.o
LOAD CMakeFiles/codex_micro_wired_reva.dir/private/tmp/codex-pico-sdk/src/common/pico_util/queue.c.o
LOAD CMakeFiles/codex_micro_wired_reva.dir/private/tmp/codex-pico-sdk/src/rp2_common/hardware_uart/uart.c.o
LOAD CMakeFiles/codex_micro_wired_reva.dir/private/tmp/codex-pico-sdk/src/rp2_common/hardware_clocks/clocks.c.o
LOAD CMakeFiles/codex_micro_wired_reva.dir/private/tmp/codex-pico-sdk/src/rp2_common/hardware_pll/pll.c.o
LOAD CMakeFiles/codex_micro_wired_reva.dir/private/tmp/codex-pico-sdk/src/rp2_common/hardware_vreg/vreg.c.o
LOAD CMakeFiles/codex_micro_wired_reva.dir/private/tmp/codex-pico-sdk/src/rp2_common/hardware_watchdog/watchdog.c.o
LOAD CMakeFiles/codex_micro_wired_reva.dir/private/tmp/codex-pico-sdk/src/rp2_common/hardware_ticks/ticks.c.o
LOAD CMakeFiles/codex_micro_wired_reva.dir/private/tmp/codex-pico-sdk/src/rp2_common/pico_bootrom/bootrom.c.o
LOAD CMakeFiles/codex_micro_wired_reva.dir/private/tmp/codex-pico-sdk/src/rp2_common/pico_bootrom/bootrom_lock.c.o
LOAD CMakeFiles/codex_micro_wired_reva.dir/private/tmp/codex-pico-sdk/src/rp2_common/hardware_boot_lock/boot_lock.c.o
LOAD CMakeFiles/codex_micro_wired_reva.dir/private/tmp/codex-pico-sdk/src/rp2_common/pico_flash/flash.c.o
LOAD CMakeFiles/codex_micro_wired_reva.dir/private/tmp/codex-pico-sdk/src/rp2_common/hardware_xosc/xosc.c.o
LOAD CMakeFiles/codex_micro_wired_reva.dir/private/tmp/codex-pico-sdk/src/rp2_common/hardware_divider/divider.S.o
LOAD CMakeFiles/codex_micro_wired_reva.dir/private/tmp/codex-pico-sdk/src/rp2_common/pico_runtime/runtime.c.o
LOAD CMakeFiles/codex_micro_wired_reva.dir/private/tmp/codex-pico-sdk/src/rp2_common/pico_runtime_init/runtime_init.c.o
LOAD CMakeFiles/codex_micro_wired_reva.dir/private/tmp/codex-pico-sdk/src/rp2_common/pico_runtime_init/runtime_init_clocks.c.o
LOAD CMakeFiles/codex_micro_wired_reva.dir/private/tmp/codex-pico-sdk/src/rp2_common/pico_runtime_init/runtime_init_stack_guard.c.o
LOAD CMakeFiles/codex_micro_wired_reva.dir/private/tmp/codex-pico-sdk/src/rp2_common/hardware_rtc/rtc.c.o
LOAD CMakeFiles/codex_micro_wired_reva.dir/private/tmp/codex-pico-sdk/src/rp2_common/pico_bit_ops/bit_ops_aeabi.S.o
LOAD CMakeFiles/codex_micro_wired_reva.dir/private/tmp/codex-pico-sdk/src/rp2_common/pico_divider/divider_hardware.S.o
LOAD CMakeFiles/codex_micro_wired_reva.dir/private/tmp/codex-pico-sdk/src/rp2_common/pico_double/double_aeabi_rp2040.S.o
LOAD CMakeFiles/codex_micro_wired_reva.dir/private/tmp/codex-pico-sdk/src/rp2_common/pico_double/double_init_rom_rp2040.c.o
LOAD CMakeFiles/codex_micro_wired_reva.dir/private/tmp/codex-pico-sdk/src/rp2_common/pico_double/double_math.c.o
LOAD CMakeFiles/codex_micro_wired_reva.dir/private/tmp/codex-pico-sdk/src/rp2_common/pico_double/double_v1_rom_shim_rp2040.S.o
LOAD CMakeFiles/codex_micro_wired_reva.dir/private/tmp/codex-pico-sdk/src/rp2_common/pico_int64_ops/pico_int64_ops_aeabi.S.o
LOAD CMakeFiles/codex_micro_wired_reva.dir/private/tmp/codex-pico-sdk/src/rp2_common/pico_float/float_aeabi_rp2040.S.o
LOAD CMakeFiles/codex_micro_wired_reva.dir/private/tmp/codex-pico-sdk/src/rp2_common/pico_float/float_init_rom_rp2040.c.o
LOAD CMakeFiles/codex_micro_wired_reva.dir/private/tmp/codex-pico-sdk/src/rp2_common/pico_float/float_math.c.o
LOAD CMakeFiles/codex_micro_wired_reva.dir/private/tmp/codex-pico-sdk/src/rp2_common/pico_float/float_v1_rom_shim_rp2040.S.o
LOAD CMakeFiles/codex_micro_wired_reva.dir/private/tmp/codex-pico-sdk/src/rp2_common/pico_malloc/malloc.c.o
LOAD CMakeFiles/codex_micro_wired_reva.dir/private/tmp/codex-pico-sdk/src/rp2_common/pico_mem_ops/mem_ops_aeabi.S.o
LOAD CMakeFiles/codex_micro_wired_reva.dir/private/tmp/codex-pico-sdk/src/rp2_common/pico_atomic/atomic.c.o
LOAD CMakeFiles/codex_micro_wired_reva.dir/private/tmp/codex-pico-sdk/src/rp2_common/pico_cxx_options/new_delete.cpp.o
LOAD CMakeFiles/codex_micro_wired_reva.dir/private/tmp/codex-pico-sdk/src/rp2_common/pico_standard_binary_info/standard_binary_info.c.o
LOAD CMakeFiles/codex_micro_wired_reva.dir/private/tmp/codex-pico-sdk/src/rp2_common/pico_printf/printf.c.o
LOAD CMakeFiles/codex_micro_wired_reva.dir/private/tmp/codex-pico-sdk/src/rp2_common/pico_crt0/crt0.S.o
LOAD CMakeFiles/codex_micro_wired_reva.dir/private/tmp/codex-pico-sdk/src/rp2_common/pico_clib_interface/newlib_interface.c.o
LOAD CMakeFiles/codex_micro_wired_reva.dir/private/tmp/codex-pico-sdk/src/rp2_common/pico_clib_interface/cxa_guard.c.o
LOAD CMakeFiles/codex_micro_wired_reva.dir/private/tmp/codex-pico-sdk/src/rp2_common/pico_stdio/stdio.c.o
LOAD CMakeFiles/codex_micro_wired_reva.dir/private/tmp/codex-pico-sdk/src/rp2_common/pico_thread_local/thread_local.c.o
LOAD CMakeFiles/codex_micro_wired_reva.dir/private/tmp/codex-pico-sdk/src/rp2_common/hardware_adc/adc.c.o
LOAD CMakeFiles/codex_micro_wired_reva.dir/private/tmp/codex-pico-sdk/src/rp2_common/hardware_pio/pio.c.o
LOAD CMakeFiles/codex_micro_wired_reva.dir/private/tmp/codex-pico-sdk/lib/tinyusb/src/portable/raspberrypi/rp2040/dcd_rp2040.c.o
LOAD CMakeFiles/codex_micro_wired_reva.dir/private/tmp/codex-pico-sdk/lib/tinyusb/src/portable/raspberrypi/rp2040/rp2040_usb.c.o
LOAD CMakeFiles/codex_micro_wired_reva.dir/private/tmp/codex-pico-sdk/lib/tinyusb/src/device/usbd.c.o
LOAD CMakeFiles/codex_micro_wired_reva.dir/private/tmp/codex-pico-sdk/lib/tinyusb/src/device/usbd_control.c.o
LOAD CMakeFiles/codex_micro_wired_reva.dir/private/tmp/codex-pico-sdk/lib/tinyusb/src/class/audio/audio_device.c.o
LOAD CMakeFiles/codex_micro_wired_reva.dir/private/tmp/codex-pico-sdk/lib/tinyusb/src/class/cdc/cdc_device.c.o
LOAD CMakeFiles/codex_micro_wired_reva.dir/private/tmp/codex-pico-sdk/lib/tinyusb/src/class/dfu/dfu_device.c.o
LOAD CMakeFiles/codex_micro_wired_reva.dir/private/tmp/codex-pico-sdk/lib/tinyusb/src/class/dfu/dfu_rt_device.c.o
LOAD CMakeFiles/codex_micro_wired_reva.dir/private/tmp/codex-pico-sdk/lib/tinyusb/src/class/hid/hid_device.c.o
LOAD CMakeFiles/codex_micro_wired_reva.dir/private/tmp/codex-pico-sdk/lib/tinyusb/src/class/midi/midi_device.c.o
LOAD CMakeFiles/codex_micro_wired_reva.dir/private/tmp/codex-pico-sdk/lib/tinyusb/src/class/msc/msc_device.c.o
LOAD CMakeFiles/codex_micro_wired_reva.dir/private/tmp/codex-pico-sdk/lib/tinyusb/src/class/net/ecm_rndis_device.c.o
LOAD CMakeFiles/codex_micro_wired_reva.dir/private/tmp/codex-pico-sdk/lib/tinyusb/src/class/net/ncm_device.c.o
LOAD CMakeFiles/codex_micro_wired_reva.dir/private/tmp/codex-pico-sdk/lib/tinyusb/src/class/usbtmc/usbtmc_device.c.o
LOAD CMakeFiles/codex_micro_wired_reva.dir/private/tmp/codex-pico-sdk/lib/tinyusb/src/class/vendor/vendor_device.c.o
LOAD CMakeFiles/codex_micro_wired_reva.dir/private/tmp/codex-pico-sdk/lib/tinyusb/src/class/video/video_device.c.o
LOAD CMakeFiles/codex_micro_wired_reva.dir/private/tmp/codex-pico-sdk/lib/tinyusb/src/tusb.c.o
LOAD CMakeFiles/codex_micro_wired_reva.dir/private/tmp/codex-pico-sdk/lib/tinyusb/src/common/tusb_fifo.c.o
LOAD CMakeFiles/codex_micro_wired_reva.dir/private/tmp/codex-pico-sdk/src/rp2_common/pico_fix/rp2040_usb_device_enumeration/rp2040_usb_device_enumeration.c.o
LOAD CMakeFiles/codex_micro_wired_reva.dir/private/tmp/codex-pico-sdk/lib/tinyusb/hw/bsp/rp2040/family.c.o
LOAD CMakeFiles/codex_micro_wired_reva.dir/private/tmp/codex-pico-sdk/src/rp2_common/pico_unique_id/unique_id.c.o
LOAD CMakeFiles/codex_micro_wired_reva.dir/private/tmp/codex-pico-sdk/src/rp2_common/hardware_flash/flash.c.o
LOAD CMakeFiles/codex_micro_wired_reva.dir/private/tmp/codex-pico-sdk/src/rp2_common/hardware_xip_cache/xip_cache.c.o
LOAD pico-sdk/src/rp2040/boot_stage2/CMakeFiles/bs2_default_library.dir/./bs2_default_padded_checksummed.S.o
LOAD /private/tmp/codex-arm-toolchain-pkg/Payload/bin/../lib/gcc/arm-none-eabi/15.2.1/../../../../arm-none-eabi/lib/thumb/v6-m/nofp/libstdc++.a
LOAD /private/tmp/codex-arm-toolchain-pkg/Payload/bin/../lib/gcc/arm-none-eabi/15.2.1/../../../../arm-none-eabi/lib/thumb/v6-m/nofp/libm.a
START GROUP
LOAD /private/tmp/codex-arm-toolchain-pkg/Payload/bin/../lib/gcc/arm-none-eabi/15.2.1/thumb/v6-m/nofp/libgcc.a
LOAD /private/tmp/codex-arm-toolchain-pkg/Payload/bin/../lib/gcc/arm-none-eabi/15.2.1/../../../../arm-none-eabi/lib/thumb/v6-m/nofp/libg.a
LOAD /private/tmp/codex-arm-toolchain-pkg/Payload/bin/../lib/gcc/arm-none-eabi/15.2.1/../../../../arm-none-eabi/lib/thumb/v6-m/nofp/libc.a
END GROUP
                0x20000000                        PROVIDE (RAM_ORIGIN = RAM_ORIGIN_DEFAULT)
                0x00040000                        PROVIDE (RAM_LENGTH = RAM_LENGTH_DEFAULT)
                0x20040000                        PROVIDE (SCRATCH_X_ORIGIN = SCRATCH_X_ORIGIN_DEFAULT)
                0x00001000                        PROVIDE (SCRATCH_X_LENGTH = SCRATCH_X_LENGTH_DEFAULT)
                0x20041000                        PROVIDE (SCRATCH_Y_ORIGIN = SCRATCH_Y_ORIGIN_DEFAULT)
                0x00001000                        PROVIDE (SCRATCH_Y_LENGTH = SCRATCH_Y_LENGTH_DEFAULT)
                0x15000000                        PROVIDE (XIP_RAM_ORIGIN = XIP_RAM_ORIGIN_DEFAULT)
                0x00004000                        PROVIDE (XIP_RAM_LENGTH = XIP_RAM_LENGTH_DEFAULT)
                0x20000000                        RAM_ORIGIN = DEFINED (RAM_ORIGIN)?RAM_ORIGIN:RAM_ORIGIN_DEFAULT
                0x00040000                        RAM_LENGTH = DEFINED (RAM_LENGTH)?RAM_LENGTH:RAM_LENGTH_DEFAULT
                0x20040000                        SCRATCH_X_ORIGIN = DEFINED (SCRATCH_X_ORIGIN)?SCRATCH_X_ORIGIN:SCRATCH_X_ORIGIN_DEFAULT
                0x00001000                        SCRATCH_X_LENGTH = DEFINED (SCRATCH_X_LENGTH)?SCRATCH_X_LENGTH:SCRATCH_X_LENGTH_DEFAULT
                0x20041000                        SCRATCH_Y_ORIGIN = DEFINED (SCRATCH_Y_ORIGIN)?SCRATCH_Y_ORIGIN:SCRATCH_Y_ORIGIN_DEFAULT
                0x00001000                        SCRATCH_Y_LENGTH = DEFINED (SCRATCH_Y_LENGTH)?SCRATCH_Y_LENGTH:SCRATCH_Y_LENGTH_DEFAULT
                0x15000000                        XIP_RAM_ORIGIN = DEFINED (XIP_RAM_ORIGIN)?XIP_RAM_ORIGIN:XIP_RAM_ORIGIN_DEFAULT
                0x00004000                        XIP_RAM_LENGTH = DEFINED (XIP_RAM_LENGTH)?XIP_RAM_LENGTH:XIP_RAM_LENGTH_DEFAULT

.flash_begin    0x10000000        0x0
                0x10000000                        __flash_binary_start = .

.boot2          0x10000000      0x100
                0x10000000                        __boot2_start__ = .
 *(.boot2)
 .boot2         0x10000000      0x100 pico-sdk/src/rp2040/boot_stage2/CMakeFiles/bs2_default_library.dir/./bs2_default_padded_checksummed.S.o
                0x10000100                        __boot2_end__ = .
                0x00000001                        ASSERT (((__boot2_end__ - __boot2_start__) == 0x100), ERROR: Pico second stage bootloader must be exactly 256 bytes in size for RP2040)

.text           0x10000100     0x3b88
                0x10000100                        __logical_binary_start = .
 *(.vectors)
 .vectors       0x10000100       0xd4 CMakeFiles/codex_micro_wired_reva.dir/private/tmp/codex-pico-sdk/src/rp2_common/pico_crt0/crt0.S.o
                0x10000100                __VECTOR_TABLE
                0x10000100                __vectors
                0x100001c0                isr_irq13
                0x100001c0                isr_irq27
                0x100001c0                isr_irq31
                0x100001c0                isr_irq5
                0x100001c0                isr_irq11
                0x100001c0                isr_irq23
                0x100001c0                isr_irq18
                0x100001c0                isr_irq9
                0x100001c0                __unhandled_user_irq
                0x100001c0                isr_irq25
                0x100001c0                isr_irq4
                0x100001c0                isr_irq16
                0x100001c0                isr_irq29
                0x100001c0                isr_irq26
                0x100001c0                isr_irq3
                0x100001c0                isr_irq12
                0x100001c0                isr_irq30
                0x100001c0                isr_irq28
                0x100001c0                isr_irq19
                0x100001c0                isr_irq0
                0x100001c0                isr_irq6
                0x100001c0                isr_irq22
                0x100001c0                isr_irq17
                0x100001c0                isr_irq14
                0x100001c0                __vectors_end
                0x100001c0                __default_isrs_start
                0x100001c0                isr_irq2
                0x100001c0                isr_irq10
                0x100001c0                isr_irq8
                0x100001c0                isr_irq24
                0x100001c0                isr_irq1
                0x100001c0                isr_irq7
                0x100001c0                isr_irq21
                0x100001c0                isr_irq20
                0x100001c0                isr_irq15
                0x100001c6                unhandled_user_irq_num_in_r0
                0x100001c8                isr_invalid
                0x100001ca                isr_nmi
                0x100001cc                isr_hardfault
                0x100001ce                isr_svcall
                0x100001d0                isr_pendsv
                0x100001d2                isr_systick
                0x100001d4                __default_isrs_end
 *(.binary_info_header)
 .binary_info_header
                0x100001d4       0x14 CMakeFiles/codex_micro_wired_reva.dir/private/tmp/codex-pico-sdk/src/rp2_common/pico_crt0/crt0.S.o
                0x100001e8                        __binary_info_header_end = .
 *(.embedded_block)
                0x100001e8                        __embedded_block_end = .
 *(.reset)
 .reset         0x100001e8       0x98 CMakeFiles/codex_micro_wired_reva.dir/private/tmp/codex-pico-sdk/src/rp2_common/pico_crt0/crt0.S.o
                0x100001e8                _entry_point
 *(.init)
 SORT_BY_NAME(REVERSE(*libgcc.a:cmse_nonsecure_call.o))()
 *(EXCLUDE_FILE(*libm.a: *lib*_a-mem*.o *libc.a: *libgcc.a:) .text*)
 .text.adc_gpio_init
                0x10000280       0x20 CMakeFiles/codex_micro_wired_reva.dir/main.c.o
 .text.startup.main
                0x100002a0      0x6ec CMakeFiles/codex_micro_wired_reva.dir/main.c.o
                0x100002a0                main
 .text.tud_descriptor_device_cb
                0x1000098c        0x8 CMakeFiles/codex_micro_wired_reva.dir/usb_descriptors.c.o
                0x1000098c                tud_descriptor_device_cb
 .text.tud_hid_descriptor_report_cb
                0x10000994        0x8 CMakeFiles/codex_micro_wired_reva.dir/usb_descriptors.c.o
                0x10000994                tud_hid_descriptor_report_cb
 .text.tud_descriptor_configuration_cb
                0x1000099c        0x8 CMakeFiles/codex_micro_wired_reva.dir/usb_descriptors.c.o
                0x1000099c                tud_descriptor_configuration_cb
 .text.tud_descriptor_string_cb
                0x100009a4       0x78 CMakeFiles/codex_micro_wired_reva.dir/usb_descriptors.c.o
                0x100009a4                tud_descriptor_string_cb
 .text.tud_hid_get_report_cb
                0x10000a1c        0x4 CMakeFiles/codex_micro_wired_reva.dir/usb_descriptors.c.o
                0x10000a1c                tud_hid_get_report_cb
 .text.tud_hid_set_report_cb
                0x10000a20        0x4 CMakeFiles/codex_micro_wired_reva.dir/usb_descriptors.c.o
                0x10000a20                tud_hid_set_report_cb
 .text.gpio_set_function
                0x10000a24       0x30 CMakeFiles/codex_micro_wired_reva.dir/private/tmp/codex-pico-sdk/src/rp2_common/hardware_gpio/gpio.c.o
                0x10000a24                gpio_set_function
 .text.gpio_set_pulls
                0x10000a54       0x24 CMakeFiles/codex_micro_wired_reva.dir/private/tmp/codex-pico-sdk/src/rp2_common/hardware_gpio/gpio.c.o
                0x10000a54                gpio_set_pulls
 .text.gpio_set_input_enabled
                0x10000a78       0x24 CMakeFiles/codex_micro_wired_reva.dir/private/tmp/codex-pico-sdk/src/rp2_common/hardware_gpio/gpio.c.o
                0x10000a78                gpio_set_input_enabled
 .text.gpio_init
                0x10000a9c       0x3c CMakeFiles/codex_micro_wired_reva.dir/private/tmp/codex-pico-sdk/src/rp2_common/hardware_gpio/gpio.c.o
                0x10000a9c                gpio_init
 .text.rp2040_chip_version
                0x10000ad8        0xc CMakeFiles/codex_micro_wired_reva.dir/private/tmp/codex-pico-sdk/src/rp2040/pico_platform/platform.c.o
                0x10000ad8                rp2040_chip_version
 .text.panic    0x10000ae4       0x30 CMakeFiles/codex_micro_wired_reva.dir/private/tmp/codex-pico-sdk/src/rp2_common/pico_platform_panic/panic.c.o
                0x10000ae4                panic
 .text.hw_claim_lock
                0x10000b14       0x18 CMakeFiles/codex_micro_wired_reva.dir/private/tmp/codex-pico-sdk/src/common/hardware_claim/claim.c.o
                0x10000b14                hw_claim_lock
 .text.hw_claim_unlock
                0x10000b2c       0x14 CMakeFiles/codex_micro_wired_reva.dir/private/tmp/codex-pico-sdk/src/common/hardware_claim/claim.c.o
                0x10000b2c                hw_claim_unlock
 .text.hw_claim_or_assert
                0x10000b40       0x50 CMakeFiles/codex_micro_wired_reva.dir/private/tmp/codex-pico-sdk/src/common/hardware_claim/claim.c.o
                0x10000b40                hw_claim_or_assert
 .text.hw_claim_unused_from_range
                0x10000b90       0x88 CMakeFiles/codex_micro_wired_reva.dir/private/tmp/codex-pico-sdk/src/common/hardware_claim/claim.c.o
                0x10000b90                hw_claim_unused_from_range
 .text.next_striped_spin_lock_num
                0x10000c18       0x18 CMakeFiles/codex_micro_wired_reva.dir/private/tmp/codex-pico-sdk/src/rp2_common/hardware_sync/sync.c.o
                0x10000c18                next_striped_spin_lock_num
 .text.spin_lock_claim_unused
                0x10000c30       0x20 CMakeFiles/codex_micro_wired_reva.dir/private/tmp/codex-pico-sdk/src/rp2_common/hardware_sync/sync.c.o
                0x10000c30                spin_lock_claim_unused
 .text.spin_locks_reset
                0x10000c50       0x1c CMakeFiles/codex_micro_wired_reva.dir/private/tmp/codex-pico-sdk/src/rp2_common/hardware_sync_spin_lock/sync_spin_lock.c.o
                0x10000c50                spin_locks_reset
 .text.runtime_init_per_core_irq_priorities
                0x10000c6c       0x48 CMakeFiles/codex_micro_wired_reva.dir/private/tmp/codex-pico-sdk/src/rp2_common/hardware_irq/irq.c.o
                0x10000c6c                runtime_init_per_core_irq_priorities
 .text.irq_set_enabled
                0x10000cb4       0x24 CMakeFiles/codex_micro_wired_reva.dir/private/tmp/codex-pico-sdk/src/rp2_common/hardware_irq/irq.c.o
                0x10000cb4                irq_set_enabled
 .text.irq_set_exclusive_handler
                0x10000cd8       0x54 CMakeFiles/codex_micro_wired_reva.dir/private/tmp/codex-pico-sdk/src/rp2_common/hardware_irq/irq.c.o
                0x10000cd8                irq_set_exclusive_handler
 .text.irq_add_shared_handler
                0x10000d2c      0x1b8 CMakeFiles/codex_micro_wired_reva.dir/private/tmp/codex-pico-sdk/src/rp2_common/hardware_irq/irq.c.o
                0x10000d2c                irq_add_shared_handler
 .text.irq_add_tail_to_free_list
                0x10000ee4       0xb4 CMakeFiles/codex_micro_wired_reva.dir/private/tmp/codex-pico-sdk/src/rp2_common/hardware_irq/irq.c.o
                0x10000ee4                irq_add_tail_to_free_list
 .text.lock_init
                0x10000f98       0x10 CMakeFiles/codex_micro_wired_reva.dir/private/tmp/codex-pico-sdk/src/common/pico_sync/lock_core.c.o
                0x10000f98                lock_init
 .text.runtime_init_mutex
                0x10000fa8       0x50 CMakeFiles/codex_micro_wired_reva.dir/private/tmp/codex-pico-sdk/src/common/pico_sync/mutex.c.o
                0x10000fa8                runtime_init_mutex
 .text.mutex_init
                0x10000ff8       0x1c CMakeFiles/codex_micro_wired_reva.dir/private/tmp/codex-pico-sdk/src/common/pico_sync/mutex.c.o
                0x10000ff8                mutex_init
 .text.critical_section_init
                0x10001014       0x1c CMakeFiles/codex_micro_wired_reva.dir/private/tmp/codex-pico-sdk/src/common/pico_sync/critical_section.c.o
                0x10001014                critical_section_init
 .text.sleep_until_callback
                0x10001030       0x30 CMakeFiles/codex_micro_wired_reva.dir/private/tmp/codex-pico-sdk/src/common/pico_time/time.c.o
 .text.alarm_pool_irq_handler
                0x10001060      0x2f4 CMakeFiles/codex_micro_wired_reva.dir/private/tmp/codex-pico-sdk/src/common/pico_time/time.c.o
 .text.runtime_init_default_alarm_pool
                0x10001354       0xd8 CMakeFiles/codex_micro_wired_reva.dir/private/tmp/codex-pico-sdk/src/common/pico_time/time.c.o
                0x10001354                runtime_init_default_alarm_pool
 .text.alarm_pool_add_alarm_at_force_in_context
                0x1000142c       0xbc CMakeFiles/codex_micro_wired_reva.dir/private/tmp/codex-pico-sdk/src/common/pico_time/time.c.o
                0x1000142c                alarm_pool_add_alarm_at_force_in_context
 .text.alarm_pool_cancel_alarm
                0x100014e8       0x74 CMakeFiles/codex_micro_wired_reva.dir/private/tmp/codex-pico-sdk/src/common/pico_time/time.c.o
                0x100014e8                alarm_pool_cancel_alarm
 .text.sleep_us
                0x1000155c       0xec CMakeFiles/codex_micro_wired_reva.dir/private/tmp/codex-pico-sdk/src/common/pico_time/time.c.o
                0x1000155c                sleep_us
 .text.best_effort_wfe_or_timeout
                0x10001648      0x12c CMakeFiles/codex_micro_wired_reva.dir/private/tmp/codex-pico-sdk/src/common/pico_time/time.c.o
                0x10001648                best_effort_wfe_or_timeout
 .text.timer_hardware_alarm_claim
                0x10001774       0x14 CMakeFiles/codex_micro_wired_reva.dir/private/tmp/codex-pico-sdk/src/rp2_common/hardware_timer/timer.c.o
                0x10001774                timer_hardware_alarm_claim
 .text.timer_time_us_64
                0x10001788       0x10 CMakeFiles/codex_micro_wired_reva.dir/private/tmp/codex-pico-sdk/src/rp2_common/hardware_timer/timer.c.o
                0x10001788                timer_time_us_64
 .text.time_us_64
                0x10001798       0x14 CMakeFiles/codex_micro_wired_reva.dir/private/tmp/codex-pico-sdk/src/rp2_common/hardware_timer/timer.c.o
                0x10001798                time_us_64
 .text.busy_wait_until
                0x100017ac       0x20 CMakeFiles/codex_micro_wired_reva.dir/private/tmp/codex-pico-sdk/src/rp2_common/hardware_timer/timer.c.o
                0x100017ac                busy_wait_until
 .text.clock_configure_int_divider
                0x100017cc       0xec CMakeFiles/codex_micro_wired_reva.dir/private/tmp/codex-pico-sdk/src/rp2_common/hardware_clocks/clocks.c.o
                0x100017cc                clock_configure_int_divider
 .text.clock_configure_undivided
                0x100018b8       0xe0 CMakeFiles/codex_micro_wired_reva.dir/private/tmp/codex-pico-sdk/src/rp2_common/hardware_clocks/clocks.c.o
                0x100018b8                clock_configure_undivided
 .text.clock_get_hz
                0x10001998        0xc CMakeFiles/codex_micro_wired_reva.dir/private/tmp/codex-pico-sdk/src/rp2_common/hardware_clocks/clocks.c.o
                0x10001998                clock_get_hz
 .text.pll_init
                0x100019a4       0xb0 CMakeFiles/codex_micro_wired_reva.dir/private/tmp/codex-pico-sdk/src/rp2_common/hardware_pll/pll.c.o
                0x100019a4                pll_init
 .text.tick_start
                0x10001a54       0x10 CMakeFiles/codex_micro_wired_reva.dir/private/tmp/codex-pico-sdk/src/rp2_common/hardware_ticks/ticks.c.o
                0x10001a54                tick_start
 .text.rom_func_lookup
                0x10001a64       0x10 CMakeFiles/codex_micro_wired_reva.dir/private/tmp/codex-pico-sdk/src/rp2_common/pico_bootrom/bootrom.c.o
                0x10001a64                rom_func_lookup
 .text.rom_data_lookup
                0x10001a74       0x10 CMakeFiles/codex_micro_wired_reva.dir/private/tmp/codex-pico-sdk/src/rp2_common/pico_bootrom/bootrom.c.o
                0x10001a74                rom_data_lookup
 .text.rom_funcs_lookup
                0x10001a84       0x44 CMakeFiles/codex_micro_wired_reva.dir/private/tmp/codex-pico-sdk/src/rp2_common/pico_bootrom/bootrom.c.o
                0x10001a84                rom_funcs_lookup
 .text.xosc_init
                0x10001ac8       0x28 CMakeFiles/codex_micro_wired_reva.dir/private/tmp/codex-pico-sdk/src/rp2_common/hardware_xosc/xosc.c.o
                0x10001ac8                xosc_init
 .text.first_per_core_initializer
                0x10001af0        0x4 CMakeFiles/codex_micro_wired_reva.dir/private/tmp/codex-pico-sdk/src/rp2_common/pico_runtime/runtime.c.o
 .text.hard_assertion_failure
                0x10001af4        0xc CMakeFiles/codex_micro_wired_reva.dir/private/tmp/codex-pico-sdk/src/rp2_common/pico_runtime/runtime.c.o
                0x10001af4                hard_assertion_failure
 .text.runtime_run_initializers
                0x10001b00       0x28 CMakeFiles/codex_micro_wired_reva.dir/private/tmp/codex-pico-sdk/src/rp2_common/pico_runtime/runtime.c.o
                0x10001b00                runtime_run_initializers
 .text.runtime_init_early_resets
                0x10001b28       0x2c CMakeFiles/codex_micro_wired_reva.dir/private/tmp/codex-pico-sdk/src/rp2_common/pico_runtime_init/runtime_init.c.o
                0x10001b28                runtime_init_early_resets
 .text.runtime_init_usb_power_down
                0x10001b54       0x1c CMakeFiles/codex_micro_wired_reva.dir/private/tmp/codex-pico-sdk/src/rp2_common/pico_runtime_init/runtime_init.c.o
                0x10001b54                runtime_init_usb_power_down
 .text.runtime_init_post_clock_resets
                0x10001b70       0x20 CMakeFiles/codex_micro_wired_reva.dir/private/tmp/codex-pico-sdk/src/rp2_common/pico_runtime_init/runtime_init.c.o
                0x10001b70                runtime_init_post_clock_resets
 .text.runtime_init_rp2040_gpio_ie_disable
                0x10001b90       0x14 CMakeFiles/codex_micro_wired_reva.dir/private/tmp/codex-pico-sdk/src/rp2_common/pico_runtime_init/runtime_init.c.o
                0x10001b90                runtime_init_rp2040_gpio_ie_disable
 .text.runtime_init_spin_locks_reset
                0x10001ba4        0x8 CMakeFiles/codex_micro_wired_reva.dir/private/tmp/codex-pico-sdk/src/rp2_common/pico_runtime_init/runtime_init.c.o
                0x10001ba4                runtime_init_spin_locks_reset
 .text.runtime_init_install_ram_vector_table
                0x10001bac       0xb4 CMakeFiles/codex_micro_wired_reva.dir/private/tmp/codex-pico-sdk/src/rp2_common/pico_runtime_init/runtime_init.c.o
                0x10001bac                runtime_init_install_ram_vector_table
 .text.runtime_init_clocks
                0x10001c60       0xd8 CMakeFiles/codex_micro_wired_reva.dir/private/tmp/codex-pico-sdk/src/rp2_common/pico_runtime_init/runtime_init_clocks.c.o
                0x10001c60                runtime_init_clocks
 .text          0x10001d38       0x10 CMakeFiles/codex_micro_wired_reva.dir/private/tmp/codex-pico-sdk/src/rp2_common/pico_bit_ops/bit_ops_aeabi.S.o
 .text.__wrap___aeabi_uidiv
                0x10001d48       0x4c CMakeFiles/codex_micro_wired_reva.dir/private/tmp/codex-pico-sdk/src/rp2_common/pico_divider/divider_hardware.S.o
                0x10001d48                __wrap___aeabi_uidiv
                0x10001d48                __wrap___aeabi_uidivmod
                0x10001d48                div_u32u32
                0x10001d48                divmod_u32u32
                0x10001d78                divmod_u32u32_savestate
 .text.__aeabi_double_init
                0x10001d94       0xa4 CMakeFiles/codex_micro_wired_reva.dir/private/tmp/codex-pico-sdk/src/rp2_common/pico_double/double_init_rom_rp2040.c.o
                0x10001d94                __aeabi_double_init
 .text.double_table_shim_on_use_helper
                0x10001e38       0x2c CMakeFiles/codex_micro_wired_reva.dir/private/tmp/codex-pico-sdk/src/rp2_common/pico_double/double_v1_rom_shim_rp2040.S.o
                0x10001e38                double_table_shim_on_use_helper
 .text.__aeabi_lmul
                0x10001e64       0x32 CMakeFiles/codex_micro_wired_reva.dir/private/tmp/codex-pico-sdk/src/rp2_common/pico_int64_ops/pico_int64_ops_aeabi.S.o
                0x10001e64                __wrap___aeabi_lmul
 *fill*         0x10001e96        0x2 
 .text.__wrap___aeabi_farithmetic
                0x10001e98       0x48 CMakeFiles/codex_micro_wired_reva.dir/private/tmp/codex-pico-sdk/src/rp2_common/pico_float/float_aeabi_rp2040.S.o
                0x10001e98                __wrap___aeabi_frsub
                0x10001e9e                __wrap___aeabi_fsub
                0x10001ea4                __wrap___aeabi_fadd
                0x10001eaa                __wrap___aeabi_fdiv
                0x10001ed2                __wrap___aeabi_fmul
 .text.__wrap___aeabi_ui2f
                0x10001ee0        0xa CMakeFiles/codex_micro_wired_reva.dir/private/tmp/codex-pico-sdk/src/rp2_common/pico_float/float_aeabi_rp2040.S.o
                0x10001ee0                uint2float
                0x10001ee0                __wrap___aeabi_ui2f
 *fill*         0x10001eea        0x2 
 .text.__wrap___aeabi_i2f
                0x10001eec       0x44 CMakeFiles/codex_micro_wired_reva.dir/private/tmp/codex-pico-sdk/src/rp2_common/pico_float/float_aeabi_rp2040.S.o
                0x10001eec                int2float
                0x10001eec                __wrap___aeabi_i2f
 .text.__wrap___aeabi_f2uiz
                0x10001f30        0xc CMakeFiles/codex_micro_wired_reva.dir/private/tmp/codex-pico-sdk/src/rp2_common/pico_float/float_aeabi_rp2040.S.o
                0x10001f30                float2uint
                0x10001f30                float2uint_z
                0x10001f30                __wrap___aeabi_f2uiz
 .text.__aeabi_float_init
                0x10001f3c       0x68 CMakeFiles/codex_micro_wired_reva.dir/private/tmp/codex-pico-sdk/src/rp2_common/pico_float/float_init_rom_rp2040.c.o
                0x10001f3c                __aeabi_float_init
 .text.float_table_shim_on_use_helper
                0x10001fa4       0x2c CMakeFiles/codex_micro_wired_reva.dir/private/tmp/codex-pico-sdk/src/rp2_common/pico_float/float_v1_rom_shim_rp2040.S.o
                0x10001fa4                float_table_shim_on_use_helper
 .text          0x10001fd0       0x10 CMakeFiles/codex_micro_wired_reva.dir/private/tmp/codex-pico-sdk/src/rp2_common/pico_mem_ops/mem_ops_aeabi.S.o
                0x10001fd0                __aeabi_mem_init
 .text.memset   0x10001fe0        0xc CMakeFiles/codex_micro_wired_reva.dir/private/tmp/codex-pico-sdk/src/rp2_common/pico_mem_ops/mem_ops_aeabi.S.o
                0x10001fe0                __wrap_memset
 .text.memcpy   0x10001fec        0xc CMakeFiles/codex_micro_wired_reva.dir/private/tmp/codex-pico-sdk/src/rp2_common/pico_mem_ops/mem_ops_aeabi.S.o
                0x10001fec                __wrap___aeabi_memcpy
                0x10001fec                __wrap_memcpy
 .text._out_char
                0x10001ff8       0x10 CMakeFiles/codex_micro_wired_reva.dir/private/tmp/codex-pico-sdk/src/rp2_common/pico_printf/printf.c.o
 .text.weak_raw_vprintf
                0x10002008       0x30 CMakeFiles/codex_micro_wired_reva.dir/private/tmp/codex-pico-sdk/src/rp2_common/pico_printf/printf.c.o
                0x10002008                weak_raw_vprintf
 .text._exit    0x10002038        0x4 CMakeFiles/codex_micro_wired_reva.dir/private/tmp/codex-pico-sdk/src/rp2_common/pico_clib_interface/newlib_interface.c.o
                0x10002038                _exit
 .text._fini    0x1000203c        0x4 CMakeFiles/codex_micro_wired_reva.dir/private/tmp/codex-pico-sdk/src/rp2_common/pico_clib_interface/newlib_interface.c.o
                0x1000203c                _fini
 .text.exit     0x10002040        0x8 CMakeFiles/codex_micro_wired_reva.dir/private/tmp/codex-pico-sdk/src/rp2_common/pico_clib_interface/newlib_interface.c.o
                0x10002040                exit
 .text.runtime_init
                0x10002048       0x2c CMakeFiles/codex_micro_wired_reva.dir/private/tmp/codex-pico-sdk/src/rp2_common/pico_clib_interface/newlib_interface.c.o
                0x10002048                runtime_init
 .text.stdio_out_chars_no_crlf
                0x10002074       0x10 CMakeFiles/codex_micro_wired_reva.dir/private/tmp/codex-pico-sdk/src/rp2_common/pico_stdio/stdio.c.o
 .text.stdio_out_chars_crlf
                0x10002084       0x90 CMakeFiles/codex_micro_wired_reva.dir/private/tmp/codex-pico-sdk/src/rp2_common/pico_stdio/stdio.c.o
 .text.stdio_put_string
                0x10002114       0xf4 CMakeFiles/codex_micro_wired_reva.dir/private/tmp/codex-pico-sdk/src/rp2_common/pico_stdio/stdio.c.o
                0x10002114                stdio_put_string
 .text.__wrap_putchar
                0x10002208       0x94 CMakeFiles/codex_micro_wired_reva.dir/private/tmp/codex-pico-sdk/src/rp2_common/pico_stdio/stdio.c.o
                0x10002208                stdio_putchar
                0x10002208                __wrap_putchar
 .text.__wrap_puts
                0x1000229c       0x3c CMakeFiles/codex_micro_wired_reva.dir/private/tmp/codex-pico-sdk/src/rp2_common/pico_stdio/stdio.c.o
                0x1000229c                __wrap_puts
                0x1000229c                stdio_puts
 .text.adc_init
                0x100022d8       0x38 CMakeFiles/codex_micro_wired_reva.dir/private/tmp/codex-pico-sdk/src/rp2_common/hardware_adc/adc.c.o
                0x100022d8                adc_init
 .text.pio_claim_unused_sm
                0x10002310       0x38 CMakeFiles/codex_micro_wired_reva.dir/private/tmp/codex-pico-sdk/src/rp2_common/hardware_pio/pio.c.o
                0x10002310                pio_claim_unused_sm
 .text.pio_add_program
                0x10002348       0xe8 CMakeFiles/codex_micro_wired_reva.dir/private/tmp/codex-pico-sdk/src/rp2_common/hardware_pio/pio.c.o
                0x10002348                pio_add_program
 .text.pio_sm_set_consecutive_pindirs
                0x10002430       0xb0 CMakeFiles/codex_micro_wired_reva.dir/private/tmp/codex-pico-sdk/src/rp2_common/hardware_pio/pio.c.o
                0x10002430                pio_sm_set_consecutive_pindirs
 .text.pio_sm_init
                0x100024e0       0xa8 CMakeFiles/codex_micro_wired_reva.dir/private/tmp/codex-pico-sdk/src/rp2_common/hardware_pio/pio.c.o
                0x100024e0                pio_sm_init
 .text.dcd_init
                0x10002588       0x90 CMakeFiles/codex_micro_wired_reva.dir/private/tmp/codex-pico-sdk/lib/tinyusb/src/portable/raspberrypi/rp2040/dcd_rp2040.c.o
                0x10002588                dcd_init
 .text.dcd_int_enable
                0x10002618        0xc CMakeFiles/codex_micro_wired_reva.dir/private/tmp/codex-pico-sdk/lib/tinyusb/src/portable/raspberrypi/rp2040/dcd_rp2040.c.o
                0x10002618                dcd_int_enable
 .text.dcd_set_address
                0x10002624       0x14 CMakeFiles/codex_micro_wired_reva.dir/private/tmp/codex-pico-sdk/lib/tinyusb/src/portable/raspberrypi/rp2040/dcd_rp2040.c.o
                0x10002624                dcd_set_address
 .text.dcd_sof_enable
                0x10002638       0x1c CMakeFiles/codex_micro_wired_reva.dir/private/tmp/codex-pico-sdk/lib/tinyusb/src/portable/raspberrypi/rp2040/dcd_rp2040.c.o
                0x10002638                dcd_sof_enable
 .text.dcd_edpt0_status_complete
                0x10002654       0x1c CMakeFiles/codex_micro_wired_reva.dir/private/tmp/codex-pico-sdk/lib/tinyusb/src/portable/raspberrypi/rp2040/dcd_rp2040.c.o
                0x10002654                dcd_edpt0_status_complete
 .text.dcd_edpt_open
                0x10002670       0xfc CMakeFiles/codex_micro_wired_reva.dir/private/tmp/codex-pico-sdk/lib/tinyusb/src/portable/raspberrypi/rp2040/dcd_rp2040.c.o
                0x10002670                dcd_edpt_open
 .text.dcd_edpt_close_all
                0x1000276c        0x8 CMakeFiles/codex_micro_wired_reva.dir/private/tmp/codex-pico-sdk/lib/tinyusb/src/portable/raspberrypi/rp2040/dcd_rp2040.c.o
                0x1000276c                dcd_edpt_close_all
 .text.dcd_edpt_xfer
                0x10002774       0x24 CMakeFiles/codex_micro_wired_reva.dir/private/tmp/codex-pico-sdk/lib/tinyusb/src/portable/raspberrypi/rp2040/dcd_rp2040.c.o
                0x10002774                dcd_edpt_xfer
 .text.dcd_edpt_stall
                0x10002798       0x3c CMakeFiles/codex_micro_wired_reva.dir/private/tmp/codex-pico-sdk/lib/tinyusb/src/portable/raspberrypi/rp2040/dcd_rp2040.c.o
                0x10002798                dcd_edpt_stall
 .text.dcd_edpt_clear_stall
                0x100027d4       0x30 CMakeFiles/codex_micro_wired_reva.dir/private/tmp/codex-pico-sdk/lib/tinyusb/src/portable/raspberrypi/rp2040/dcd_rp2040.c.o
                0x100027d4                dcd_edpt_clear_stall
 .text.rp2040_usb_init
                0x10002804       0x40 CMakeFiles/codex_micro_wired_reva.dir/private/tmp/codex-pico-sdk/lib/tinyusb/src/portable/raspberrypi/rp2040/rp2040_usb.c.o
                0x10002804                rp2040_usb_init
 .text.hw_endpoint_xfer_start
                0x10002844       0x40 CMakeFiles/codex_micro_wired_reva.dir/private/tmp/codex-pico-sdk/lib/tinyusb/src/portable/raspberrypi/rp2040/rp2040_usb.c.o
                0x10002844                hw_endpoint_xfer_start
 .text.tud_vendor_control_xfer_cb
                0x10002884        0x4 CMakeFiles/codex_micro_wired_reva.dir/private/tmp/codex-pico-sdk/lib/tinyusb/src/device/usbd.c.o
                0x10002884                tud_vendor_control_xfer_cb
 .text.tud_event_hook_cb
                0x10002888        0x4 CMakeFiles/codex_micro_wired_reva.dir/private/tmp/codex-pico-sdk/lib/tinyusb/src/device/usbd.c.o
                0x10002888                tud_event_hook_cb
 .text.tud_sof_cb
                0x1000288c        0x4 CMakeFiles/codex_micro_wired_reva.dir/private/tmp/codex-pico-sdk/lib/tinyusb/src/device/usbd.c.o
                0x1000288c                tud_sof_cb
 .text.tud_descriptor_bos_cb
                0x10002890        0x4 CMakeFiles/codex_micro_wired_reva.dir/private/tmp/codex-pico-sdk/lib/tinyusb/src/device/usbd.c.o
                0x10002890                tud_descriptor_bos_cb
 .text.tud_descriptor_device_qualifier_cb
                0x10002894        0x4 CMakeFiles/codex_micro_wired_reva.dir/private/tmp/codex-pico-sdk/lib/tinyusb/src/device/usbd.c.o
                0x10002894                tud_descriptor_device_qualifier_cb
 .text.tud_descriptor_other_speed_configuration_cb
                0x10002898        0x4 CMakeFiles/codex_micro_wired_reva.dir/private/tmp/codex-pico-sdk/lib/tinyusb/src/device/usbd.c.o
                0x10002898                tud_descriptor_other_speed_configuration_cb
 .text.tud_mount_cb
                0x1000289c        0x4 CMakeFiles/codex_micro_wired_reva.dir/private/tmp/codex-pico-sdk/lib/tinyusb/src/device/usbd.c.o
                0x1000289c                tud_mount_cb
 .text.tud_umount_cb
                0x100028a0        0x4 CMakeFiles/codex_micro_wired_reva.dir/private/tmp/codex-pico-sdk/lib/tinyusb/src/device/usbd.c.o
                0x100028a0                tud_umount_cb
 .text.tud_suspend_cb
                0x100028a4        0x4 CMakeFiles/codex_micro_wired_reva.dir/private/tmp/codex-pico-sdk/lib/tinyusb/src/device/usbd.c.o
                0x100028a4                tud_suspend_cb
 .text.tud_resume_cb
                0x100028a8        0x4 CMakeFiles/codex_micro_wired_reva.dir/private/tmp/codex-pico-sdk/lib/tinyusb/src/device/usbd.c.o
                0x100028a8                tud_resume_cb
 .text.tud_mounted
                0x100028ac       0x10 CMakeFiles/codex_micro_wired_reva.dir/private/tmp/codex-pico-sdk/lib/tinyusb/src/device/usbd.c.o
                0x100028ac                tud_mounted
 .text.tud_suspended
                0x100028bc       0x10 CMakeFiles/codex_micro_wired_reva.dir/private/tmp/codex-pico-sdk/lib/tinyusb/src/device/usbd.c.o
                0x100028bc                tud_suspended
 .text.tud_rhport_init
                0x100028cc       0xe8 CMakeFiles/codex_micro_wired_reva.dir/private/tmp/codex-pico-sdk/lib/tinyusb/src/device/usbd.c.o
                0x100028cc                tud_rhport_init
 .text.tud_task_ext
                0x100029b4      0x7a4 CMakeFiles/codex_micro_wired_reva.dir/private/tmp/codex-pico-sdk/lib/tinyusb/src/device/usbd.c.o
                0x100029b4                tud_task_ext
 .text.usbd_open_edpt_pair
                0x10003158       0x98 CMakeFiles/codex_micro_wired_reva.dir/private/tmp/codex-pico-sdk/lib/tinyusb/src/device/usbd.c.o
                0x10003158                usbd_open_edpt_pair
 .text.usbd_edpt_claim
                0x100031f0       0x28 CMakeFiles/codex_micro_wired_reva.dir/private/tmp/codex-pico-sdk/lib/tinyusb/src/device/usbd.c.o
                0x100031f0                usbd_edpt_claim
 .text.usbd_edpt_xfer
                0x10003218       0x50 CMakeFiles/codex_micro_wired_reva.dir/private/tmp/codex-pico-sdk/lib/tinyusb/src/device/usbd.c.o
                0x10003218                usbd_edpt_xfer
 .text.usbd_edpt_busy
                0x10003268       0x1c CMakeFiles/codex_micro_wired_reva.dir/private/tmp/codex-pico-sdk/lib/tinyusb/src/device/usbd.c.o
                0x10003268                usbd_edpt_busy
 .text.tud_control_status
                0x10003284       0x2c CMakeFiles/codex_micro_wired_reva.dir/private/tmp/codex-pico-sdk/lib/tinyusb/src/device/usbd_control.c.o
                0x10003284                tud_control_status
 .text.tud_control_xfer
                0x100032b0       0xa0 CMakeFiles/codex_micro_wired_reva.dir/private/tmp/codex-pico-sdk/lib/tinyusb/src/device/usbd_control.c.o
                0x100032b0                tud_control_xfer
 .text.usbd_control_reset
                0x10003350       0x14 CMakeFiles/codex_micro_wired_reva.dir/private/tmp/codex-pico-sdk/lib/tinyusb/src/device/usbd_control.c.o
                0x10003350                usbd_control_reset
 .text.usbd_control_set_complete_callback
                0x10003364        0xc CMakeFiles/codex_micro_wired_reva.dir/private/tmp/codex-pico-sdk/lib/tinyusb/src/device/usbd_control.c.o
                0x10003364                usbd_control_set_complete_callback
 .text.usbd_control_set_request
                0x10003370       0x1c CMakeFiles/codex_micro_wired_reva.dir/private/tmp/codex-pico-sdk/lib/tinyusb/src/device/usbd_control.c.o
                0x10003370                usbd_control_set_request
 .text.usbd_control_xfer_cb
                0x1000338c       0xe8 CMakeFiles/codex_micro_wired_reva.dir/private/tmp/codex-pico-sdk/lib/tinyusb/src/device/usbd_control.c.o
                0x1000338c                usbd_control_xfer_cb
 .text.tud_hid_set_protocol_cb
                0x10003474        0x4 CMakeFiles/codex_micro_wired_reva.dir/private/tmp/codex-pico-sdk/lib/tinyusb/src/class/hid/hid_device.c.o
                0x10003474                tud_hid_set_protocol_cb
 .text.tud_hid_set_idle_cb
                0x10003478        0x4 CMakeFiles/codex_micro_wired_reva.dir/private/tmp/codex-pico-sdk/lib/tinyusb/src/class/hid/hid_device.c.o
                0x10003478                tud_hid_set_idle_cb
 .text.tud_hid_report_complete_cb
                0x1000347c        0x4 CMakeFiles/codex_micro_wired_reva.dir/private/tmp/codex-pico-sdk/lib/tinyusb/src/class/hid/hid_device.c.o
                0x1000347c                tud_hid_report_complete_cb
 .text.tud_hid_report_failed_cb
                0x10003480        0x4 CMakeFiles/codex_micro_wired_reva.dir/private/tmp/codex-pico-sdk/lib/tinyusb/src/class/hid/hid_device.c.o
                0x10003480                tud_hid_report_failed_cb
 .text.tud_hid_n_ready
                0x10003484       0x38 CMakeFiles/codex_micro_wired_reva.dir/private/tmp/codex-pico-sdk/lib/tinyusb/src/class/hid/hid_device.c.o
                0x10003484                tud_hid_n_ready
 .text.tud_hid_n_keyboard_report
                0x100034bc       0x80 CMakeFiles/codex_micro_wired_reva.dir/private/tmp/codex-pico-sdk/lib/tinyusb/src/class/hid/hid_device.c.o
                0x100034bc                tud_hid_n_keyboard_report
 .text.hidd_init
                0x1000353c       0x14 CMakeFiles/codex_micro_wired_reva.dir/private/tmp/codex-pico-sdk/lib/tinyusb/src/class/hid/hid_device.c.o
                0x1000353c                hidd_init
 .text.hidd_deinit
                0x10003550        0x4 CMakeFiles/codex_micro_wired_reva.dir/private/tmp/codex-pico-sdk/lib/tinyusb/src/class/hid/hid_device.c.o
                0x10003550                hidd_deinit
 .text.hidd_reset
                0x10003554       0x14 CMakeFiles/codex_micro_wired_reva.dir/private/tmp/codex-pico-sdk/lib/tinyusb/src/class/hid/hid_device.c.o
                0x10003554                hidd_reset
 .text.hidd_open
                0x10003568       0x8c CMakeFiles/codex_micro_wired_reva.dir/private/tmp/codex-pico-sdk/lib/tinyusb/src/class/hid/hid_device.c.o
                0x10003568                hidd_open
 .text.hidd_control_xfer_cb
                0x100035f4      0x1a8 CMakeFiles/codex_micro_wired_reva.dir/private/tmp/codex-pico-sdk/lib/tinyusb/src/class/hid/hid_device.c.o
                0x100035f4                hidd_control_xfer_cb
 .text.hidd_xfer_cb
                0x1000379c       0x88 CMakeFiles/codex_micro_wired_reva.dir/private/tmp/codex-pico-sdk/lib/tinyusb/src/class/hid/hid_device.c.o
                0x1000379c                hidd_xfer_cb
 .text.tusb_rhport_init
                0x10003824       0x4c CMakeFiles/codex_micro_wired_reva.dir/private/tmp/codex-pico-sdk/lib/tinyusb/src/tusb.c.o
                0x10003824                tusb_rhport_init
 .text.tu_edpt_claim
                0x10003870       0x50 CMakeFiles/codex_micro_wired_reva.dir/private/tmp/codex-pico-sdk/lib/tinyusb/src/tusb.c.o
                0x10003870                tu_edpt_claim
 .text.tu_edpt_validate
                0x100038c0       0x74 CMakeFiles/codex_micro_wired_reva.dir/private/tmp/codex-pico-sdk/lib/tinyusb/src/tusb.c.o
                0x100038c0                tu_edpt_validate
 .text.tu_edpt_bind_driver
                0x10003934       0x34 CMakeFiles/codex_micro_wired_reva.dir/private/tmp/codex-pico-sdk/lib/tinyusb/src/tusb.c.o
                0x10003934                tu_edpt_bind_driver
 .text.tu_fifo_read
                0x10003968       0x9c CMakeFiles/codex_micro_wired_reva.dir/private/tmp/codex-pico-sdk/lib/tinyusb/src/common/tusb_fifo.c.o
                0x10003968                tu_fifo_read
 .text.tu_fifo_write
                0x10003a04       0xa4 CMakeFiles/codex_micro_wired_reva.dir/private/tmp/codex-pico-sdk/lib/tinyusb/src/common/tusb_fifo.c.o
                0x10003a04                tu_fifo_write
 .text.tu_fifo_clear
                0x10003aa8       0x40 CMakeFiles/codex_micro_wired_reva.dir/private/tmp/codex-pico-sdk/lib/tinyusb/src/common/tusb_fifo.c.o
                0x10003aa8                tu_fifo_clear
 .text.board_init
                0x10003ae8       0x14 CMakeFiles/codex_micro_wired_reva.dir/private/tmp/codex-pico-sdk/lib/tinyusb/hw/bsp/rp2040/family.c.o
                0x10003ae8                board_init
 .text.startup._retrieve_unique_id_on_boot
                0x10003afc       0x10 CMakeFiles/codex_micro_wired_reva.dir/private/tmp/codex-pico-sdk/src/rp2_common/pico_unique_id/unique_id.c.o
 .text.flash_get_unique_id
                0x10003b0c       0x3c CMakeFiles/codex_micro_wired_reva.dir/private/tmp/codex-pico-sdk/src/rp2_common/hardware_flash/flash.c.o
                0x10003b0c                flash_get_unique_id
 .text.strlen   0x10003b48       0x60 /private/tmp/codex-arm-toolchain-pkg/Payload/bin/../lib/gcc/arm-none-eabi/15.2.1/../../../../arm-none-eabi/lib/thumb/v6-m/nofp/libg.a(libc_a-strlen-stub.o)
                0x10003b48                strlen
 .text.strlen.__stub
                0x10003ba8       0xa0 linker stubs
 *(.fini)
 *crtbegin.o(.ctors)
 *crtbegin?.o(.ctors)
 *(EXCLUDE_FILE(*crtend.o *crtend?.o) .ctors)
 *(SORT_BY_NAME(.ctors.*))
 *(.ctors)
 *crtbegin.o(.dtors)
 *crtbegin?.o(.dtors)
 *(EXCLUDE_FILE(*crtend.o *crtend?.o) .dtors)
 *(SORT_BY_NAME(.dtors.*))
 *(.dtors)
                0x10003c48                        . = ALIGN (0x4)
                [!provide]                        PROVIDE (__bothinit_array_start = .)
                0x10003c48                        PROVIDE (__preinit_array_start = .)
 *(SORT_BY_NAME(.preinit_array.*))
 .preinit_array.00100
                0x10003c48        0x4 CMakeFiles/codex_micro_wired_reva.dir/private/tmp/codex-pico-sdk/src/rp2_common/pico_runtime_init/runtime_init.c.o
                0x10003c48                __pre_init_runtime_init_early_resets
 .preinit_array.00101
                0x10003c4c        0x4 CMakeFiles/codex_micro_wired_reva.dir/private/tmp/codex-pico-sdk/src/rp2_common/pico_runtime_init/runtime_init.c.o
                0x10003c4c                __pre_init_runtime_init_usb_power_down
 .preinit_array.00275
                0x10003c50        0x4 CMakeFiles/codex_micro_wired_reva.dir/private/tmp/codex-pico-sdk/src/rp2_common/pico_bit_ops/bit_ops_aeabi.S.o
 .preinit_array.00300
                0x10003c54        0x4 CMakeFiles/codex_micro_wired_reva.dir/private/tmp/codex-pico-sdk/src/rp2_common/pico_mem_ops/mem_ops_aeabi.S.o
 .preinit_array.00350
                0x10003c58        0x4 CMakeFiles/codex_micro_wired_reva.dir/private/tmp/codex-pico-sdk/src/rp2_common/pico_double/double_aeabi_rp2040.S.o
 .preinit_array.00350
                0x10003c5c        0x4 CMakeFiles/codex_micro_wired_reva.dir/private/tmp/codex-pico-sdk/src/rp2_common/pico_float/float_aeabi_rp2040.S.o
 .preinit_array.00500
                0x10003c60        0x4 CMakeFiles/codex_micro_wired_reva.dir/private/tmp/codex-pico-sdk/src/rp2_common/pico_runtime_init/runtime_init.c.o
                0x10003c60                __pre_init_runtime_init_clocks
 .preinit_array.00600
                0x10003c64        0x4 CMakeFiles/codex_micro_wired_reva.dir/private/tmp/codex-pico-sdk/src/rp2_common/pico_runtime_init/runtime_init.c.o
                0x10003c64                __pre_init_runtime_init_post_clock_resets
 .preinit_array.00700
                0x10003c68        0x4 CMakeFiles/codex_micro_wired_reva.dir/private/tmp/codex-pico-sdk/src/rp2_common/pico_runtime_init/runtime_init.c.o
                0x10003c68                __pre_init_runtime_init_rp2040_gpio_ie_disable
 .preinit_array.01000
                0x10003c6c        0x4 CMakeFiles/codex_micro_wired_reva.dir/private/tmp/codex-pico-sdk/src/rp2_common/pico_runtime_init/runtime_init.c.o
                0x10003c6c                __pre_init_runtime_init_spin_locks_reset
 .preinit_array.01100
                0x10003c70        0x4 CMakeFiles/codex_micro_wired_reva.dir/private/tmp/codex-pico-sdk/src/common/pico_sync/mutex.c.o
                0x10003c70                __pre_init_runtime_init_mutex
 .preinit_array.10080
                0x10003c74        0x4 CMakeFiles/codex_micro_wired_reva.dir/private/tmp/codex-pico-sdk/src/rp2_common/pico_runtime_init/runtime_init.c.o
                0x10003c74                __pre_init_runtime_init_install_ram_vector_table
 .preinit_array.11000
                0x10003c78        0x4 CMakeFiles/codex_micro_wired_reva.dir/private/tmp/codex-pico-sdk/src/common/pico_time/time.c.o
                0x10003c78                __pre_init_runtime_init_default_alarm_pool
 .preinit_array.YYYYY
                0x10003c7c        0x4 CMakeFiles/codex_micro_wired_reva.dir/private/tmp/codex-pico-sdk/src/rp2_common/pico_runtime/runtime.c.o
                0x10003c7c                __pre_init_first_per_core_initializer
 .preinit_array.ZZZZZ.01200
                0x10003c80        0x4 CMakeFiles/codex_micro_wired_reva.dir/private/tmp/codex-pico-sdk/src/rp2_common/hardware_irq/irq.c.o
                0x10003c80                __pre_init_runtime_init_per_core_irq_priorities
 *(.preinit_array)
                0x10003c84                        PROVIDE (__preinit_array_end = .)
                0x10003c84                        . = ALIGN (0x4)
                0x10003c84                        PROVIDE (__init_array_start = .)
 *(SORT_BY_NAME(.init_array.*))
 .init_array.01000
                0x10003c84        0x4 CMakeFiles/codex_micro_wired_reva.dir/private/tmp/codex-pico-sdk/src/rp2_common/pico_unique_id/unique_id.c.o
 *(.init_array)
                0x10003c88                        PROVIDE (__init_array_end = .)
                [!provide]                        PROVIDE (__bothinit_array_end = .)
                0x10003c88                        . = ALIGN (0x4)
                [!provide]                        PROVIDE (__fini_array_start = .)
 *(SORT_BY_NAME(.fini_array.*))
 *(.fini_array)
                [!provide]                        PROVIDE (__fini_array_end = .)
                [!provide]                        PROVIDE (__dso_handle = 0x0)
 *(.eh_frame*)
                0x10003c88                        . = ALIGN (0x4)

.glue_7         0x10003c88        0x0
 .glue_7        0x10003c88        0x0 linker stubs

.glue_7t        0x10003c88        0x0
 .glue_7t       0x10003c88        0x0 linker stubs

.vfp11_veneer   0x10003c88        0x0
 .vfp11_veneer  0x10003c88        0x0 linker stubs

.v4_bx          0x10003c88        0x0
 .v4_bx         0x10003c88        0x0 linker stubs

.iplt           0x10003c88        0x0
 .iplt          0x10003c88        0x0 CMakeFiles/codex_micro_wired_reva.dir/main.c.o

.rodata         0x10003c88      0x3a8
 *(EXCLUDE_FILE(*libm.a: *lib*_a-mem*.o *libc.a: *libgcc.a:) .rodata*)
 .rodata.positions.0
                0x10003c88       0x18 CMakeFiles/codex_micro_wired_reva.dir/main.c.o
 .rodata.table.1
                0x10003ca0       0x10 CMakeFiles/codex_micro_wired_reva.dir/main.c.o
 .rodata.keymap
                0x10003cb0       0x10 CMakeFiles/codex_micro_wired_reva.dir/main.c.o
 .rodata.col_gpio
                0x10003cc0        0x4 CMakeFiles/codex_micro_wired_reva.dir/main.c.o
 .rodata.row_gpio
                0x10003cc4        0x4 CMakeFiles/codex_micro_wired_reva.dir/main.c.o
 .rodata.ws2812_program
                0x10003cc8        0x8 CMakeFiles/codex_micro_wired_reva.dir/main.c.o
 .rodata.ws2812_program_instructions
                0x10003cd0        0x8 CMakeFiles/codex_micro_wired_reva.dir/main.c.o
 .rodata.str1.4
                0x10003cd8      0x17c CMakeFiles/codex_micro_wired_reva.dir/usb_descriptors.c.o
                                 0x4f (size before relaxing)
 .rodata.__compound_literal.0
                0x10003e54        0x2 CMakeFiles/codex_micro_wired_reva.dir/usb_descriptors.c.o
 *fill*         0x10003e56        0x2 
 .rodata.desc_configuration
                0x10003e58       0x22 CMakeFiles/codex_micro_wired_reva.dir/usb_descriptors.c.o
                0x10003e58                desc_configuration
 *fill*         0x10003e7a        0x2 
 .rodata.desc_hid_report
                0x10003e7c       0x41 CMakeFiles/codex_micro_wired_reva.dir/usb_descriptors.c.o
                0x10003e7c                desc_hid_report
 *fill*         0x10003ebd        0x3 
 .rodata.desc_device
                0x10003ec0       0x12 CMakeFiles/codex_micro_wired_reva.dir/usb_descriptors.c.o
                0x10003ec0                desc_device
 .rodata.panic.str1.4
                0x10003ed2        0x0 CMakeFiles/codex_micro_wired_reva.dir/private/tmp/codex-pico-sdk/src/rp2_common/pico_platform_panic/panic.c.o
                                 0x11 (size before relaxing)
 .rodata.spin_lock_claim_unused.str1.4
                0x10003ed2        0x0 CMakeFiles/codex_micro_wired_reva.dir/private/tmp/codex-pico-sdk/src/rp2_common/hardware_sync/sync.c.o
                                 0x1b (size before relaxing)
 .rodata.timer_hardware_alarm_claim.str1.4
                0x10003ed2        0x0 CMakeFiles/codex_micro_wired_reva.dir/private/tmp/codex-pico-sdk/src/rp2_common/hardware_timer/timer.c.o
                                 0x22 (size before relaxing)
 .rodata.hard_assertion_failure.str1.4
                0x10003ed2        0x0 CMakeFiles/codex_micro_wired_reva.dir/private/tmp/codex-pico-sdk/src/rp2_common/pico_runtime/runtime.c.o
                                  0xc (size before relaxing)
 .rodata.str1.4
                0x10003ed2        0x0 CMakeFiles/codex_micro_wired_reva.dir/private/tmp/codex-pico-sdk/src/rp2_common/pico_standard_binary_info/standard_binary_info.c.o
                                 0x4c (size before relaxing)
 *fill*         0x10003ed2        0x2 
 .rodata.__bi_84
                0x10003ed4        0xc CMakeFiles/codex_micro_wired_reva.dir/private/tmp/codex-pico-sdk/src/rp2_common/pico_standard_binary_info/standard_binary_info.c.o
 .rodata.__bi_78
                0x10003ee0        0xc CMakeFiles/codex_micro_wired_reva.dir/private/tmp/codex-pico-sdk/src/rp2_common/pico_standard_binary_info/standard_binary_info.c.o
 .rodata.__bi_54
                0x10003eec        0xc CMakeFiles/codex_micro_wired_reva.dir/private/tmp/codex-pico-sdk/src/rp2_common/pico_standard_binary_info/standard_binary_info.c.o
 .rodata.__bi_48
                0x10003ef8        0xc CMakeFiles/codex_micro_wired_reva.dir/private/tmp/codex-pico-sdk/src/rp2_common/pico_standard_binary_info/standard_binary_info.c.o
 .rodata.__bi_42
                0x10003f04        0xc CMakeFiles/codex_micro_wired_reva.dir/private/tmp/codex-pico-sdk/src/rp2_common/pico_standard_binary_info/standard_binary_info.c.o
 .rodata.__bi_34
                0x10003f10        0xc CMakeFiles/codex_micro_wired_reva.dir/private/tmp/codex-pico-sdk/src/rp2_common/pico_standard_binary_info/standard_binary_info.c.o
 .rodata.__bi_26
                0x10003f1c        0xc CMakeFiles/codex_micro_wired_reva.dir/private/tmp/codex-pico-sdk/src/rp2_common/pico_standard_binary_info/standard_binary_info.c.o
 .rodata.crlf_str.0
                0x10003f28        0x2 CMakeFiles/codex_micro_wired_reva.dir/private/tmp/codex-pico-sdk/src/rp2_common/pico_stdio/stdio.c.o
 .rodata.pio_claim_unused_sm.str1.4
                0x10003f2a        0x0 CMakeFiles/codex_micro_wired_reva.dir/private/tmp/codex-pico-sdk/src/rp2_common/hardware_pio/pio.c.o
                                 0x24 (size before relaxing)
 .rodata.str1.4
                0x10003f2a        0x0 CMakeFiles/codex_micro_wired_reva.dir/private/tmp/codex-pico-sdk/lib/tinyusb/src/portable/raspberrypi/rp2040/dcd_rp2040.c.o
                                 0x14 (size before relaxing)
 .rodata.str1.4
                0x10003f2a        0x0 CMakeFiles/codex_micro_wired_reva.dir/private/tmp/codex-pico-sdk/lib/tinyusb/src/portable/raspberrypi/rp2040/rp2040_usb.c.o
                                 0x48 (size before relaxing)
 *fill*         0x10003f2a        0x2 
 .rodata.tud_task_ext
                0x10003f2c       0x8c CMakeFiles/codex_micro_wired_reva.dir/private/tmp/codex-pico-sdk/lib/tinyusb/src/device/usbd.c.o
 .rodata        0x10003fb8       0x1c CMakeFiles/codex_micro_wired_reva.dir/private/tmp/codex-pico-sdk/lib/tinyusb/src/device/usbd.c.o
 .rodata._usbd_driver
                0x10003fd4       0x20 CMakeFiles/codex_micro_wired_reva.dir/private/tmp/codex-pico-sdk/lib/tinyusb/src/device/usbd.c.o
 .rodata.hidd_control_xfer_cb
                0x10003ff4       0x30 CMakeFiles/codex_micro_wired_reva.dir/private/tmp/codex-pico-sdk/lib/tinyusb/src/class/hid/hid_device.c.o
 .rodata.str1.4
                0x10004024        0x0 CMakeFiles/codex_micro_wired_reva.dir/private/tmp/codex-pico-sdk/lib/tinyusb/hw/bsp/rp2040/family.c.o
                                  0x4 (size before relaxing)
 .rodata.__bi_153.0
                0x10004024        0xc CMakeFiles/codex_micro_wired_reva.dir/private/tmp/codex-pico-sdk/lib/tinyusb/hw/bsp/rp2040/family.c.o
 *(.srodata*)
                0x10004030                        . = ALIGN (0x4)
 *(SORT_BY_ALIGNMENT(SORT_BY_NAME(.flashdata*)))
                0x10004030                        . = ALIGN (0x4)

.ARM.extab
 *(.ARM.extab* .gnu.linkonce.armextab.*)
                0x10004030                        __exidx_start = .

.ARM.exidx
 *(.ARM.exidx* .gnu.linkonce.armexidx.*)
                0x10004030                        __exidx_end = .
                0x10004030                        . = ALIGN (0x4)
                0x10004030                        __binary_info_start = .

.binary_info    0x10004030       0x20
 *(.binary_info.keep.*)
 .binary_info.keep.__bi_ptr84
                0x10004030        0x4 CMakeFiles/codex_micro_wired_reva.dir/private/tmp/codex-pico-sdk/src/rp2_common/pico_standard_binary_info/standard_binary_info.c.o
 .binary_info.keep.__bi_ptr78
                0x10004034        0x4 CMakeFiles/codex_micro_wired_reva.dir/private/tmp/codex-pico-sdk/src/rp2_common/pico_standard_binary_info/standard_binary_info.c.o
 .binary_info.keep.__bi_ptr54
                0x10004038        0x4 CMakeFiles/codex_micro_wired_reva.dir/private/tmp/codex-pico-sdk/src/rp2_common/pico_standard_binary_info/standard_binary_info.c.o
 .binary_info.keep.__bi_ptr48
                0x1000403c        0x4 CMakeFiles/codex_micro_wired_reva.dir/private/tmp/codex-pico-sdk/src/rp2_common/pico_standard_binary_info/standard_binary_info.c.o
 .binary_info.keep.__bi_ptr42
                0x10004040        0x4 CMakeFiles/codex_micro_wired_reva.dir/private/tmp/codex-pico-sdk/src/rp2_common/pico_standard_binary_info/standard_binary_info.c.o
 .binary_info.keep.__bi_ptr34
                0x10004044        0x4 CMakeFiles/codex_micro_wired_reva.dir/private/tmp/codex-pico-sdk/src/rp2_common/pico_standard_binary_info/standard_binary_info.c.o
 .binary_info.keep.__bi_ptr26
                0x10004048        0x4 CMakeFiles/codex_micro_wired_reva.dir/private/tmp/codex-pico-sdk/src/rp2_common/pico_standard_binary_info/standard_binary_info.c.o
 .binary_info.keep.__bi_ptr153
                0x1000404c        0x4 CMakeFiles/codex_micro_wired_reva.dir/private/tmp/codex-pico-sdk/lib/tinyusb/hw/bsp/rp2040/family.c.o
 *(.binary_info.*)
                0x10004050                        __binary_info_end = .
                0x10004050                        . = ALIGN (0x4)

.xip_ram        0x15000000        0x0 load address 0x10004050
                0x15000000                        __xip_ram_start__ = .
                0x15000000                        . = ALIGN (0x4)
 *(.xip_ram*)
                0x15000000                        . = ALIGN (0x4)
                0x15000000                        __xip_ram_end__ = .
                0x10004050                        __xip_ram_source__ = LOADADDR (.xip_ram)

.ram_vector_table
                0x20000000       0xc0
 *(.ram_vector_table)
 .ram_vector_table
                0x20000000       0xc0 CMakeFiles/codex_micro_wired_reva.dir/private/tmp/codex-pico-sdk/src/rp2_common/pico_runtime_init/runtime_init.c.o
                0x20000000                ram_vector_table

.uninitialized_data
                0x200000c0        0x0
                0x200000c0                        . = ALIGN (0x4)
 *(.uninitialized_data*)

.data           0x200000c0      0xf48 load address 0x10004050
                0x200000c0                        __data_start__ = .
 *(vtable)
 *(.time_critical*)
 .time_critical.mutex_try_enter
                0x200000c0       0x40 CMakeFiles/codex_micro_wired_reva.dir/private/tmp/codex-pico-sdk/src/common/pico_sync/mutex.c.o
                0x200000c0                mutex_try_enter
 .time_critical.mutex_enter_block_until
                0x20000100       0x64 CMakeFiles/codex_micro_wired_reva.dir/private/tmp/codex-pico-sdk/src/common/pico_sync/mutex.c.o
                0x20000100                mutex_enter_block_until
 .time_critical.mutex_try_enter_block_until
                0x20000164       0x34 CMakeFiles/codex_micro_wired_reva.dir/private/tmp/codex-pico-sdk/src/common/pico_sync/mutex.c.o
                0x20000164                mutex_try_enter_block_until
 .time_critical.mutex_enter_timeout_ms
                0x20000198       0x3c CMakeFiles/codex_micro_wired_reva.dir/private/tmp/codex-pico-sdk/src/common/pico_sync/mutex.c.o
                0x20000198                mutex_enter_timeout_ms
 .time_critical.mutex_exit
                0x200001d4       0x28 CMakeFiles/codex_micro_wired_reva.dir/private/tmp/codex-pico-sdk/src/common/pico_sync/mutex.c.o
                0x200001d4                mutex_exit
 .time_critical.reset_non_control_endpoints
                0x200001fc       0x68 CMakeFiles/codex_micro_wired_reva.dir/private/tmp/codex-pico-sdk/lib/tinyusb/src/portable/raspberrypi/rp2040/dcd_rp2040.c.o
 .time_critical.hw_handle_buff_status
                0x20000264       0x88 CMakeFiles/codex_micro_wired_reva.dir/private/tmp/codex-pico-sdk/lib/tinyusb/src/portable/raspberrypi/rp2040/dcd_rp2040.c.o
 .time_critical.dcd_rp2040_irq
                0x200002ec      0x53c CMakeFiles/codex_micro_wired_reva.dir/private/tmp/codex-pico-sdk/lib/tinyusb/src/portable/raspberrypi/rp2040/dcd_rp2040.c.o
 .time_critical.prepare_ep_buffer
                0x20000828       0xc4 CMakeFiles/codex_micro_wired_reva.dir/private/tmp/codex-pico-sdk/lib/tinyusb/src/portable/raspberrypi/rp2040/rp2040_usb.c.o
 .time_critical.sync_ep_buffer
                0x200008ec       0xa0 CMakeFiles/codex_micro_wired_reva.dir/private/tmp/codex-pico-sdk/lib/tinyusb/src/portable/raspberrypi/rp2040/rp2040_usb.c.o
 .time_critical._hw_endpoint_xfer_sync
                0x2000098c       0x28 CMakeFiles/codex_micro_wired_reva.dir/private/tmp/codex-pico-sdk/lib/tinyusb/src/portable/raspberrypi/rp2040/rp2040_usb.c.o
 .time_critical.e15_is_bulkin_ep
                0x200009b4       0x28 CMakeFiles/codex_micro_wired_reva.dir/private/tmp/codex-pico-sdk/lib/tinyusb/src/portable/raspberrypi/rp2040/rp2040_usb.c.o
 .time_critical.e15_is_critical_frame_period
                0x200009dc       0x30 CMakeFiles/codex_micro_wired_reva.dir/private/tmp/codex-pico-sdk/lib/tinyusb/src/portable/raspberrypi/rp2040/rp2040_usb.c.o
 .time_critical.hw_endpoint_reset_transfer
                0x20000a0c        0xc CMakeFiles/codex_micro_wired_reva.dir/private/tmp/codex-pico-sdk/lib/tinyusb/src/portable/raspberrypi/rp2040/rp2040_usb.c.o
                0x20000a0c                hw_endpoint_reset_transfer
 .time_critical._hw_endpoint_buffer_control_update32
                0x20000a18       0x50 CMakeFiles/codex_micro_wired_reva.dir/private/tmp/codex-pico-sdk/lib/tinyusb/src/portable/raspberrypi/rp2040/rp2040_usb.c.o
                0x20000a18                _hw_endpoint_buffer_control_update32
 .time_critical.hw_endpoint_start_next_buffer
                0x20000a68       0x68 CMakeFiles/codex_micro_wired_reva.dir/private/tmp/codex-pico-sdk/lib/tinyusb/src/portable/raspberrypi/rp2040/rp2040_usb.c.o
                0x20000a68                hw_endpoint_start_next_buffer
 .time_critical.hw_endpoint_xfer_continue
                0x20000ad0       0x40 CMakeFiles/codex_micro_wired_reva.dir/private/tmp/codex-pico-sdk/lib/tinyusb/src/portable/raspberrypi/rp2040/rp2040_usb.c.o
                0x20000ad0                hw_endpoint_xfer_continue
 .time_critical.tinyusb
                0x20000b10      0x1d4 CMakeFiles/codex_micro_wired_reva.dir/private/tmp/codex-pico-sdk/lib/tinyusb/src/device/usbd.c.o
                0x20000b10                dcd_event_handler
 .time_critical.flash_init_boot2_copyout
                0x20000ce4       0x30 CMakeFiles/codex_micro_wired_reva.dir/private/tmp/codex-pico-sdk/src/rp2_common/hardware_flash/flash.c.o
 .time_critical.flash_enable_xip_via_boot2
                0x20000d14        0xc CMakeFiles/codex_micro_wired_reva.dir/private/tmp/codex-pico-sdk/src/rp2_common/hardware_flash/flash.c.o
 .time_critical.flash_save_hardware_state
                0x20000d20       0x28 CMakeFiles/codex_micro_wired_reva.dir/private/tmp/codex-pico-sdk/src/rp2_common/hardware_flash/flash.c.o
 .time_critical.flash_restore_hardware_state
                0x20000d48       0x28 CMakeFiles/codex_micro_wired_reva.dir/private/tmp/codex-pico-sdk/src/rp2_common/hardware_flash/flash.c.o
 .time_critical.flash_do_cmd_cs
                0x20000d70      0x148 CMakeFiles/codex_micro_wired_reva.dir/private/tmp/codex-pico-sdk/src/rp2_common/hardware_flash/flash.c.o
                0x20000d70                flash_do_cmd_cs
 *(.text*)
 .text          0x20000eb8        0x4 /private/tmp/codex-arm-toolchain-pkg/Payload/bin/../lib/gcc/arm-none-eabi/15.2.1/thumb/v6-m/nofp/libgcc.a(_dvmd_tls.o)
                0x20000eb8                __aeabi_ldiv0
                0x20000eb8                __aeabi_idiv0
 *fill*         0x20000ebc        0x4 
 .text.__stub   0x20000ec0       0x80 linker stubs
                0x20000f40                        . = ALIGN (0x4)
 *(.rodata*)
                0x20000f40                        . = ALIGN (0x4)
                [!provide]                        PROVIDE (__emutls_array_start = .)
 *(.*.__emutls_v.*)
                [!provide]                        PROVIDE (__emutls_array_end = .)
                0x20000f40                        . = ALIGN (0x4)
 *(.data*)
 .data.string_desc_arr
                0x20000f40       0x14 CMakeFiles/codex_micro_wired_reva.dir/usb_descriptors.c.o
                0x20000f40                string_desc_arr
 .data.striped_spin_lock_num
                0x20000f54        0x1 CMakeFiles/codex_micro_wired_reva.dir/private/tmp/codex-pico-sdk/src/rp2_common/hardware_sync/sync.c.o
 *fill*         0x20000f55        0x3 
 .data          0x20000f58       0x48 CMakeFiles/codex_micro_wired_reva.dir/private/tmp/codex-pico-sdk/src/rp2_common/hardware_irq/irq_handler_chain.S.o
                0x20000f58                irq_handler_chain_slots
                0x20000f88                irq_handler_chain_first_slot
                0x20000f92                irq_handler_chain_remove_tail
 *fill*         0x20000fa0        0x0 
 .data.last_added.0
                0x20000fa0        0x8 CMakeFiles/codex_micro_wired_reva.dir/private/tmp/codex-pico-sdk/src/common/pico_time/time.c.o
 .data.default_alarm_pool
                0x20000fa8       0x18 CMakeFiles/codex_micro_wired_reva.dir/private/tmp/codex-pico-sdk/src/common/pico_time/time.c.o
 .data.aeabi_bits_funcs
                0x20000fc0       0x10 CMakeFiles/codex_micro_wired_reva.dir/private/tmp/codex-pico-sdk/src/rp2_common/pico_bit_ops/bit_ops_aeabi.S.o
                0x20000fc0                aeabi_bits_funcs
                0x20000fd0                aeabi_bits_funcs_end
 .data.aeabi_mem_funcs
                0x20000fd0       0x10 CMakeFiles/codex_micro_wired_reva.dir/private/tmp/codex-pico-sdk/src/rp2_common/pico_mem_ops/mem_ops_aeabi.S.o
                0x20000fd0                aeabi_mem_funcs
                0x20000fe0                aeabi_mem_funcs_end
 .data._usbd_qdef
                0x20000fe0       0x1c CMakeFiles/codex_micro_wired_reva.dir/private/tmp/codex-pico-sdk/lib/tinyusb/src/device/usbd.c.o
                0x20000fe0                _usbd_qdef
 .data._usbd_rhport
                0x20000ffc        0x1 CMakeFiles/codex_micro_wired_reva.dir/private/tmp/codex-pico-sdk/lib/tinyusb/src/device/usbd.c.o
 *(.sdata*)
                0x20001000                        . = ALIGN (0x4)
 *fill*         0x20000ffd        0x3 
 *(.after_data.*)
                0x20001000                        . = ALIGN (0x4)
                0x20001000                        PROVIDE (__mutex_array_start = .)
 *(SORT_BY_NAME(.mutex_array.*))
 *(.mutex_array)
 .mutex_array   0x20001000        0x8 CMakeFiles/codex_micro_wired_reva.dir/private/tmp/codex-pico-sdk/src/rp2_common/pico_stdio/stdio.c.o
                0x20001008                        PROVIDE (__mutex_array_end = .)
 *(.jcr)
                0x20001008                        . = ALIGN (0x4)

.igot.plt       0x20001008        0x0 load address 0x10004f98
 .igot.plt      0x20001008        0x0 CMakeFiles/codex_micro_wired_reva.dir/main.c.o

.tdata          0x20001008        0x0 load address 0x10004f98
                0x20001008                        . = ALIGN (0x4)
 *(.tdata .tdata.* .gnu.linkonce.td.*)
                0x20001008                        __tdata_end = .
                0x20001008                        PROVIDE (__data_end__ = .)
                0x10004050                        __etext = LOADADDR (.data)
                0x20001008                        . = ALIGN (0x4)

.tbss           0x20001008        0x0 load address 0x10004f98
                0x20001008                        __bss_start__ = .
                0x20001008                        __tls_base = .
 *(.tbss .tbss.* .gnu.linkonce.tb.*)
 *(.tcommon)
                0x20001008                        . = ALIGN (0x4)
                0x20001008                        __tls_end = .

.tbss_space     0x20001008        0x0 load address 0x10004f98
                0x20001008                        . = (__bss_start__ + SIZEOF (.tbss))

.bss            0x20001008      0xb1c load address 0x10004f98
                0x20001008                        . = ALIGN (0x4)
                0x20001008                        __tbss_end = .
 *(SORT_BY_ALIGNMENT(SORT_BY_NAME(.bss*)))
 .bss.default_alarm_pool_entries
                0x20001008      0x180 CMakeFiles/codex_micro_wired_reva.dir/private/tmp/codex-pico-sdk/src/common/pico_time/time.c.o
 .bss.sd_table  0x20001188      0x100 CMakeFiles/codex_micro_wired_reva.dir/private/tmp/codex-pico-sdk/src/rp2_common/pico_double/double_init_rom_rp2040.c.o
                0x20001188                sd_table
 .bss.sf_table  0x20001288      0x100 CMakeFiles/codex_micro_wired_reva.dir/private/tmp/codex-pico-sdk/src/rp2_common/pico_float/float_init_rom_rp2040.c.o
                0x20001288                sf_table
 .bss._app_driver
                0x20001388        0x4 CMakeFiles/codex_micro_wired_reva.dir/private/tmp/codex-pico-sdk/lib/tinyusb/src/device/usbd.c.o
 .bss._ctrl_epbuf
                0x2000138c       0x40 CMakeFiles/codex_micro_wired_reva.dir/private/tmp/codex-pico-sdk/lib/tinyusb/src/device/usbd_control.c.o
 .bss._ctrl_xfer
                0x200013cc       0x14 CMakeFiles/codex_micro_wired_reva.dir/private/tmp/codex-pico-sdk/lib/tinyusb/src/device/usbd_control.c.o
 .bss._hidd_epbuf
                0x200013e0       0x30 CMakeFiles/codex_micro_wired_reva.dir/private/tmp/codex-pico-sdk/lib/tinyusb/src/class/hid/hid_device.c.o
 .bss._hidd_itf
                0x20001410        0xc CMakeFiles/codex_micro_wired_reva.dir/private/tmp/codex-pico-sdk/lib/tinyusb/src/class/hid/hid_device.c.o
 .bss._tusb_rhport_role
                0x2000141c        0x2 CMakeFiles/codex_micro_wired_reva.dir/private/tmp/codex-pico-sdk/lib/tinyusb/src/tusb.c.o
                0x2000141c                _tusb_rhport_role
 *fill*         0x2000141e        0x2 
 .bss._ubsd_mutexdef
                0x20001420        0x8 CMakeFiles/codex_micro_wired_reva.dir/private/tmp/codex-pico-sdk/lib/tinyusb/src/device/usbd.c.o
 .bss._usbd_dev
                0x20001428       0x54 CMakeFiles/codex_micro_wired_reva.dir/private/tmp/codex-pico-sdk/lib/tinyusb/src/device/usbd.c.o
 .bss._usbd_mutex
                0x2000147c        0x4 CMakeFiles/codex_micro_wired_reva.dir/private/tmp/codex-pico-sdk/lib/tinyusb/src/device/usbd.c.o
 .bss._usbd_q   0x20001480        0x4 CMakeFiles/codex_micro_wired_reva.dir/private/tmp/codex-pico-sdk/lib/tinyusb/src/device/usbd.c.o
 .bss._usbd_qdef_buf
                0x20001484       0xc0 CMakeFiles/codex_micro_wired_reva.dir/private/tmp/codex-pico-sdk/lib/tinyusb/src/device/usbd.c.o
                0x20001484                _usbd_qdef_buf
 .bss._used_instruction_space
                0x20001544        0x8 CMakeFiles/codex_micro_wired_reva.dir/private/tmp/codex-pico-sdk/src/rp2_common/hardware_pio/pio.c.o
 .bss.boot2_copyout
                0x2000154c      0x100 CMakeFiles/codex_micro_wired_reva.dir/private/tmp/codex-pico-sdk/src/rp2_common/hardware_flash/flash.c.o
 .bss.claimed   0x2000164c        0x4 CMakeFiles/codex_micro_wired_reva.dir/private/tmp/codex-pico-sdk/src/rp2_common/hardware_sync/sync.c.o
 .bss.claimed   0x20001650        0x1 CMakeFiles/codex_micro_wired_reva.dir/private/tmp/codex-pico-sdk/src/rp2_common/hardware_timer/timer.c.o
 *fill*         0x20001651        0x3 
 .bss.claimed   0x20001654        0x1 CMakeFiles/codex_micro_wired_reva.dir/private/tmp/codex-pico-sdk/src/rp2_common/hardware_pio/pio.c.o
 *fill*         0x20001655        0x3 
 .bss.configured_freq
                0x20001658       0x28 CMakeFiles/codex_micro_wired_reva.dir/private/tmp/codex-pico-sdk/src/rp2_common/hardware_clocks/clocks.c.o
 .bss.desc_str  0x20001680       0x40 CMakeFiles/codex_micro_wired_reva.dir/usb_descriptors.c.o
 .bss.drivers   0x200016c0        0x4 CMakeFiles/codex_micro_wired_reva.dir/private/tmp/codex-pico-sdk/src/rp2_common/pico_stdio/stdio.c.o
 .bss.e15_last_sof
                0x200016c4        0x4 CMakeFiles/codex_micro_wired_reva.dir/private/tmp/codex-pico-sdk/lib/tinyusb/src/portable/raspberrypi/rp2040/rp2040_usb.c.o
                0x200016c4                e15_last_sof
 .bss.filter    0x200016c8        0x4 CMakeFiles/codex_micro_wired_reva.dir/private/tmp/codex-pico-sdk/src/rp2_common/pico_stdio/stdio.c.o
 .bss.hw_endpoints
                0x200016cc      0x400 CMakeFiles/codex_micro_wired_reva.dir/private/tmp/codex-pico-sdk/lib/tinyusb/src/portable/raspberrypi/rp2040/dcd_rp2040.c.o
 .bss.integrator
                0x20001acc       0x10 CMakeFiles/codex_micro_wired_reva.dir/main.c.o
 .bss.lazy_vsnprintf
                0x20001adc        0x4 CMakeFiles/codex_micro_wired_reva.dir/private/tmp/codex-pico-sdk/src/rp2_common/pico_printf/printf.c.o
 .bss.next_buffer_ptr
                0x20001ae0        0x4 CMakeFiles/codex_micro_wired_reva.dir/private/tmp/codex-pico-sdk/lib/tinyusb/src/portable/raspberrypi/rp2040/dcd_rp2040.c.o
 .bss.pools     0x20001ae4       0x10 CMakeFiles/codex_micro_wired_reva.dir/private/tmp/codex-pico-sdk/src/common/pico_time/time.c.o
 .bss.retrieved_id
                0x20001af4        0x8 CMakeFiles/codex_micro_wired_reva.dir/private/tmp/codex-pico-sdk/src/rp2_common/pico_unique_id/unique_id.c.o
 .bss.rgb_pio   0x20001afc        0x4 CMakeFiles/codex_micro_wired_reva.dir/main.c.o
 .bss.rgb_sm    0x20001b00        0x4 CMakeFiles/codex_micro_wired_reva.dir/main.c.o
 .bss.sf_clz_func
                0x20001b04        0x4 CMakeFiles/codex_micro_wired_reva.dir/private/tmp/codex-pico-sdk/src/rp2_common/pico_double/double_init_rom_rp2040.c.o
                0x20001b04                sf_clz_func
 .bss.sleep_notifier
                0x20001b08        0x4 CMakeFiles/codex_micro_wired_reva.dir/private/tmp/codex-pico-sdk/src/common/pico_time/time.c.o
 .bss.stable    0x20001b0c       0x10 CMakeFiles/codex_micro_wired_reva.dir/main.c.o
 .bss._app_driver_count
                0x20001b1c        0x1 CMakeFiles/codex_micro_wired_reva.dir/private/tmp/codex-pico-sdk/lib/tinyusb/src/device/usbd.c.o
 .bss._sof_enable
                0x20001b1d        0x1 CMakeFiles/codex_micro_wired_reva.dir/private/tmp/codex-pico-sdk/lib/tinyusb/src/portable/raspberrypi/rp2040/dcd_rp2040.c.o
 .bss._usbd_queued_setup
                0x20001b1e        0x1 CMakeFiles/codex_micro_wired_reva.dir/private/tmp/codex-pico-sdk/lib/tinyusb/src/device/usbd.c.o
 .bss.boot2_copyout_valid
                0x20001b1f        0x1 CMakeFiles/codex_micro_wired_reva.dir/private/tmp/codex-pico-sdk/src/rp2_common/hardware_flash/flash.c.o
 .bss.encoder_delta
                0x20001b20        0x1 CMakeFiles/codex_micro_wired_reva.dir/main.c.o
 .bss.encoder_last
                0x20001b21        0x1 CMakeFiles/codex_micro_wired_reva.dir/main.c.o
 .bss.irq_handler_chain_free_slot_head
                0x20001b22        0x1 CMakeFiles/codex_micro_wired_reva.dir/private/tmp/codex-pico-sdk/src/rp2_common/hardware_irq/irq.c.o
 *(COMMON)
                [!provide]                        PROVIDE (__global_pointer$ = (. + 0x800))
 *(.sbss*)
                0x20001b24                        . = ALIGN (0x4)
 *fill*         0x20001b23        0x1 
                0x20001b24                        __bss_end__ = .
                [!provide]                        PROVIDE (__tls_start = SIZEOF (.tdata)?ADDR (.tdata):ADDR (.tbss))
                [!provide]                        PROVIDE (__tls_size = (__tls_end - __tls_start))
                0x00000001                        PROVIDE (__tls_align = MAX (ALIGNOF (.tdata), ALIGNOF (.tbss)))
                [!provide]                        PROVIDE (__tls_size_align = ALIGN (__tls_size, __tls_align))
                0x00000008                        PROVIDE (__arm32_tls_tcb_offset = MAX (0x8, __tls_align))
                0x00000000                        PROVIDE (__tdata_size = SIZEOF (.tdata))
                0x10004f98                        PROVIDE (__tdata_source = LOADADDR (.tdata))
                0x00000000                        PROVIDE (__tbss_size = SIZEOF (.tbss))
                [!provide]                        PROVIDE (__tbss_offset = (ADDR (.tbss) - __tls_start))

.tlsX_not_needed_marker
 *(.tlsX_not_needed_marker)
                [!provide]                        PROVIDE (__tlsX_align = (SIZEOF (.tlsX_not_needed_marker) > 0x0)?0x4:__tls_align)
                [!provide]                        PROVIDE (__tlsX_size_align = (SIZEOF (.tlsX_not_needed_marker) > 0x0)?0x0:__tls_size_align)
                0x20001008                        __tls_start = DEFINED (__tls_start)?__tls_start:SIZEOF (.tdata)?ADDR (.tdata):ADDR (.tbss)
                0x00000000                        __tls_size = DEFINED (__tls_size)?__tls_size:(__tls_end - __tls_start)
                0x00000001                        __tls_align = DEFINED (__tls_align)?__tls_align:MAX (ALIGNOF (.tdata), ALIGNOF (.tbss))
                0x00000000                        __tls_size_align = DEFINED (__tls_size_align)?__tls_size_align:ALIGN (__tls_size, __tls_align)
                0x00000008                        __arm32_tls_tcb_offset = DEFINED (__arm32_tls_tcb_offset)?__arm32_tls_tcb_offset:MAX (0x8, __tls_align)
                0x00000000                        __tdata_size = DEFINED (__tdata_size)?__tdata_size:SIZEOF (.tdata)
                0x10004f98                        __tdata_source = DEFINED (__tdata_source)?__tdata_source:LOADADDR (.tdata)
                0x00000000                        __tbss_size = DEFINED (__tbss_size)?__tbss_size:SIZEOF (.tbss)
                0x00000000                        __tbss_offset = DEFINED (__tbss_offset)?__tbss_offset:(ADDR (.tbss) - __tls_start)
                0x00000001                        __tlsX_align = DEFINED (__tlsX_align)?__tlsX_align:(SIZEOF (.tlsX_not_needed_marker) > 0x0)?0x4:__tls_align
                0x00000000                        __tlsX_size_align = DEFINED (__tlsX_size_align)?__tlsX_size_align:(SIZEOF (.tlsX_not_needed_marker) > 0x0)?0x0:__tls_size_align

.tls0           0x20001b24        0x0 load address 0x10004f98
                0x20001b24                        . = ALIGN (__tlsX_align)
                0x20001b24                        PROVIDE (__tls0_base = .)
                0x20001b24                        . = (. + __tlsX_size_align)

.tls1           0x20001b24        0x0 load address 0x10004f98
                0x20001b24                        . = ALIGN (__tlsX_align)
                0x20001b24                        PROVIDE (__tls1_base = .)
                0x20001b24                        . = (. + __tlsX_size_align)

.persistent_data
                0x20001b24        0x0 load address 0x10004f98
                0x20001b24                        __persistent_data_start__ = .
 *(.persistent_data*)
                0x20001b24                        . = ALIGN (0x4)
                [!provide]                        PROVIDE (__persistent_data_end__ = .)

.dummy_pre_heap
                0x20001b24        0x0 load address 0x10004f98
                0x20001b24                        . = .

.heap           0x20001b24      0x800
                0x20001b24                        __end__ = .
                0x20001b24                        end = __end__
 *(.heap*)
 .heap          0x20001b24      0x800 CMakeFiles/codex_micro_wired_reva.dir/private/tmp/codex-pico-sdk/src/rp2_common/pico_crt0/crt0.S.o
                0x20040000                        __HeapLimit = DEFINED (HEAP_LIMIT)?HEAP_LIMIT:(ORIGIN (RAM) + LENGTH (RAM))

.scratch_x      0x20040000        0x0 load address 0x10004f98
                0x20040000                        __scratch_x_start__ = .
 *(.scratch_x.*)
                0x20040000                        . = ALIGN (0x4)
                0x20040000                        __scratch_x_end__ = .
                0x10004f98                        __scratch_x_source__ = LOADADDR (.scratch_x)

.scratch_y      0x20041000        0x0 load address 0x10004f98
                0x20041000                        __scratch_y_start__ = .
 *(.scratch_y.*)
                0x20041000                        . = ALIGN (0x4)
                0x20041000                        __scratch_y_end__ = .
                0x10004f98                        __scratch_y_source__ = LOADADDR (.scratch_y)

.stack1_dummy
 *(.stack1*)

.stack_dummy    0x20041000      0x800
 *(.stack*)
 .stack         0x20041000      0x800 CMakeFiles/codex_micro_wired_reva.dir/private/tmp/codex-pico-sdk/src/rp2_common/pico_crt0/crt0.S.o

.rel.dyn        0x20041800        0x0
 .rel.iplt      0x20041800        0x0 CMakeFiles/codex_micro_wired_reva.dir/main.c.o

.flash_end      0x10004f98        0x0
 *(.embedded_end_block*)
                0x10004f98                        PROVIDE (__flash_binary_end = .)
                0x20040000                        __StackLimit = (ORIGIN (RAM) + LENGTH (RAM))
                0x20041000                        __StackOneTop = (ORIGIN (SCRATCH_X) + LENGTH (SCRATCH_X))
                0x20042000                        __StackTop = (ORIGIN (SCRATCH_Y) + LENGTH (SCRATCH_Y))
                0x20041000                        __StackOneBottom = (__StackOneTop - SIZEOF (.stack1_dummy))
                0x20041800                        __StackBottom = (__StackTop - SIZEOF (.stack_dummy))
                [!provide]                        PROVIDE (__stack = __StackTop)
                [!provide]                        PROVIDE (__heap_start = __end__)
                [!provide]                        PROVIDE (__heap_end = __HeapLimit)
                0x00000001                        PROVIDE (__tls_align = MAX (ALIGNOF (.tdata), ALIGNOF (.tbss)))
                [!provide]                        PROVIDE (__tls_size_align = (((__tls_size + __tls_align) - 0x1) & ~ ((__tls_align - 0x1))))
                0x00000008                        PROVIDE (__arm32_tls_tcb_offset = MAX (0x8, __tls_align))
                [!provide]                        PROVIDE (_end = __end__)
                [!provide]                        PROVIDE (__llvm_libc_heap_limit = __HeapLimit)
                0x00000001                        ASSERT ((__StackLimit >= __HeapLimit), region RAM overflowed)
                0x00000001                        ASSERT (((__binary_info_header_end - __logical_binary_start) <= 0x100), Binary info must be in first 256 bytes of the binary)
OUTPUT(codex_micro_wired_reva.elf elf32-littlearm)
LOAD linker stubs

.debug_info     0x00000000    0x3224a
 .debug_info    0x00000000     0x3014 CMakeFiles/codex_micro_wired_reva.dir/main.c.o
 .debug_info    0x00003014      0xa09 CMakeFiles/codex_micro_wired_reva.dir/usb_descriptors.c.o
 .debug_info    0x00003a1d     0x2360 CMakeFiles/codex_micro_wired_reva.dir/private/tmp/codex-pico-sdk/src/rp2_common/hardware_gpio/gpio.c.o
 .debug_info    0x00005d7d      0x129 CMakeFiles/codex_micro_wired_reva.dir/private/tmp/codex-pico-sdk/src/rp2040/pico_platform/platform.c.o
 .debug_info    0x00005ea6      0x1bf CMakeFiles/codex_micro_wired_reva.dir/private/tmp/codex-pico-sdk/src/rp2_common/pico_platform_panic/panic.c.o
 .debug_info    0x00006065      0x985 CMakeFiles/codex_micro_wired_reva.dir/private/tmp/codex-pico-sdk/src/common/hardware_claim/claim.c.o
 .debug_info    0x000069ea      0x45b CMakeFiles/codex_micro_wired_reva.dir/private/tmp/codex-pico-sdk/src/rp2_common/hardware_sync/sync.c.o
 .debug_info    0x00006e45      0x243 CMakeFiles/codex_micro_wired_reva.dir/private/tmp/codex-pico-sdk/src/rp2_common/hardware_sync_spin_lock/sync_spin_lock.c.o
 .debug_info    0x00007088     0x224a CMakeFiles/codex_micro_wired_reva.dir/private/tmp/codex-pico-sdk/src/rp2_common/hardware_irq/irq.c.o
 .debug_info    0x000092d2      0x161 CMakeFiles/codex_micro_wired_reva.dir/private/tmp/codex-pico-sdk/src/common/pico_sync/lock_core.c.o
 .debug_info    0x00009433     0x1b8e CMakeFiles/codex_micro_wired_reva.dir/private/tmp/codex-pico-sdk/src/common/pico_sync/mutex.c.o
 .debug_info    0x0000afc1      0x306 CMakeFiles/codex_micro_wired_reva.dir/private/tmp/codex-pico-sdk/src/common/pico_sync/critical_section.c.o
 .debug_info    0x0000b2c7     0x4f7c CMakeFiles/codex_micro_wired_reva.dir/private/tmp/codex-pico-sdk/src/common/pico_time/time.c.o
 .debug_info    0x00010243     0x2aa2 CMakeFiles/codex_micro_wired_reva.dir/private/tmp/codex-pico-sdk/src/rp2_common/hardware_timer/timer.c.o
 .debug_info    0x00012ce5     0x2e96 CMakeFiles/codex_micro_wired_reva.dir/private/tmp/codex-pico-sdk/src/rp2_common/hardware_clocks/clocks.c.o
 .debug_info    0x00015b7b      0x4fc CMakeFiles/codex_micro_wired_reva.dir/private/tmp/codex-pico-sdk/src/rp2_common/hardware_pll/pll.c.o
 .debug_info    0x00016077      0x248 CMakeFiles/codex_micro_wired_reva.dir/private/tmp/codex-pico-sdk/src/rp2_common/hardware_ticks/ticks.c.o
 .debug_info    0x000162bf      0x65a CMakeFiles/codex_micro_wired_reva.dir/private/tmp/codex-pico-sdk/src/rp2_common/pico_bootrom/bootrom.c.o
 .debug_info    0x00016919      0x1d0 CMakeFiles/codex_micro_wired_reva.dir/private/tmp/codex-pico-sdk/src/rp2_common/hardware_xosc/xosc.c.o
 .debug_info    0x00016ae9      0x206 CMakeFiles/codex_micro_wired_reva.dir/private/tmp/codex-pico-sdk/src/rp2_common/pico_runtime/runtime.c.o
 .debug_info    0x00016cef      0x7ea CMakeFiles/codex_micro_wired_reva.dir/private/tmp/codex-pico-sdk/src/rp2_common/pico_runtime_init/runtime_init.c.o
 .debug_info    0x000174d9      0x781 CMakeFiles/codex_micro_wired_reva.dir/private/tmp/codex-pico-sdk/src/rp2_common/pico_runtime_init/runtime_init_clocks.c.o
 .debug_info    0x00017c5a       0x23 CMakeFiles/codex_micro_wired_reva.dir/private/tmp/codex-pico-sdk/src/rp2_common/pico_bit_ops/bit_ops_aeabi.S.o
 .debug_info    0x00017c7d       0x23 CMakeFiles/codex_micro_wired_reva.dir/private/tmp/codex-pico-sdk/src/rp2_common/pico_divider/divider_hardware.S.o
 .debug_info    0x00017ca0       0x23 CMakeFiles/codex_micro_wired_reva.dir/private/tmp/codex-pico-sdk/src/rp2_common/pico_double/double_aeabi_rp2040.S.o